ï¿½ï¿½}ï¿½ï¿½ï¿½ï¿½ï¿½ï¿½ Max chiï¿½ets Jun  8 2016 00:22:57

rst:0x1 (POWERON_RESET),boot:0x12 (SPI_FAST_FLASH_BOOT)
configsip: 188777542, SPIWP:0xee
clk_drv:0x00,q_drv:0x00,d_drv:0x00,cs0_drv:0x00,hd_drv:0x00,wp_drv:0x00
mode:DIO, clock div:2
load:0x3fff0030,len:7172
load:0x40078000,len:15532
load:0x40080400,len:4
load:0x40080404,len:3904
entry 0x40080640
[0;32mI (29) boot: ESP-IDF v5.2 2nd stage bootloader[0m
[0;32mI (29) boot: compile time Jul  1 2025 16:18:04[0m
[0;32mI (29) boot: Multicore bootloader[0m
[0;32mI (33) boot: chip revision: v1.0[0m
[0;32mI (37) boot.esp32: SPI Speed      : 40MHz[0m
[0;32mI (42) boot.esp32: SPI Mode       : DIO[0m
[0;32mI (46) boot.esp32: SPI Flash Size : 4MB[0m
[0;32mI (51) boot: Enabling RNG early entropy source...[0m
[0;32mI (56) boot: Partition Table:[0m
[0;32mI (60) boot: ## Label            Usage          Type ST Offset   Length[0m
[0;32mI (67) boot:  0 nvs              WiFi data        01 02 00009000 00006000[0m
[0;32mI (75) boot:  1 phy_init         RF data          01 01 0000f000 00001000[0m
[0;32mI (82) boot:  2 factory          factory app      00 00 00010000 00100000[0m
[0;32mI (90) boot: End of partition table[0m
[0;32mI (94) esp_image: segment 0: paddr=00010020 vaddr=3f400020 size=09504h ( 38148) map[0m
[0;32mI (115) esp_image: segment 1: paddr=0001952c vaddr=3ffb0000 size=0222ch (  8748) load[0m
[0;32mI (119) esp_image: segment 2: paddr=0001b760 vaddr=40080000 size=048b8h ( 18616) load[0m
[0;32mI (129) esp_image: segment 3: paddr=00020020 vaddr=400d0020 size=13870h ( 79984) map[0m
[0;32mI (157) esp_image: segment 4: paddr=00033898 vaddr=400848b8 size=07e64h ( 32356) load[0m
[0;32mI (176) boot: Loaded app from partition at offset 0x10000[0m
[0;32mI (177) boot: Disabling RNG early entropy source...[0m
[0;32mI (188) cpu_start: Multicore app[0m
[0;32mI (197) cpu_start: Pro cpu start user code[0m
[0;32mI (197) cpu_start: cpu freq: 240000000 Hz[0m
[0;32mI (197) cpu_start: Application information:[0m
[0;32mI (200) cpu_start: Project name:     idf_t3_oled_basicII2[0m
[0;32mI (206) cpu_start: App version:      1[0m
[0;32mI (210) cpu_start: Compile time:     Jul  1 2025 16:17:46[0m
[0;32mI (216) cpu_start: ELF file SHA256:  378087ab7...[0m
[0;32mI (222) cpu_start: ESP-IDF:          v5.2[0m
[0;32mI (227) cpu_start: Min chip rev:     v0.0[0m
[0;32mI (231) cpu_start: Max chip rev:     v3.99 [0m
[0;32mI (236) cpu_start: Chip rev:         v1.0[0m
[0;32mI (241) heap_init: Initializing. RAM available for dynamic allocation:[0m
[0;32mI (248) heap_init: At 3FFAE6E0 len 00001920 (6 KiB): DRAM[0m
[0;32mI (254) heap_init: At 3FFB2B20 len 0002D4E0 (181 KiB): DRAM[0m
[0;32mI (260) heap_init: At 3FFE0440 len 00003AE0 (14 KiB): D/IRAM[0m
[0;32mI (267) heap_init: At 3FFE4350 len 0001BCB0 (111 KiB): D/IRAM[0m
[0;32mI (273) heap_init: At 4008C71C len 000138E4 (78 KiB): IRAM[0m
[0;32mI (281) spi_flash: detected chip: gd[0m
[0;32mI (283) spi_flash: flash io: dio[0m
[0;32mI (288) main_task: Started on CPU0[0m
[0;32mI (298) main_task: Calling app_main()[0m
Guru Meditation Error: Core  0 panic'ed (LoadProhibited). Exception was unhandled.

Core  0 register dump:
PC      : 0x400d8f48  PS      : 0x00060430  A0      : 0x800d83f2  A1      : 0x3ffb4a30  
A2      : 0x3ffb4c24  A3      : 0x3ffaeb44  A4      : 0x00000000  A5      : 0x00000000  
A6      : 0x3ffb4d60  A7      : 0x00000000  A8      : 0x00000000  A9      : 0x00000000  
A10     : 0x00000000  A11     : 0x00000000  A12     : 0x000000ff  A13     : 0x0000ff00  
A14     : 0x00ff0000  A15     : 0xff000000  SAR     : 0x00000019  EXCCAUSE: 0x0000001c  
EXCVADDR: 0x00000000  LBEG    : 0x400014fd  LEND    : 0x4000150d  LCOUNT  : 0xffffffff  


Backtrace: 0x400d8f45:0x3ffb4a30 0x400d83ef:0x3ffb4d50 0x400d528f:0x3ffb4da0 0x400d52f9:0x3ffb4dc0 0x400d56a7:0x3ffb4de0 0x400d52e4:0x3ffb4e00 0x400e30a8:0x3ffb4e20 0x40086021:0x3ffb4e50




ELF file SHA256: 378087ab7

Rebooting...
ets Jun  8 2016 00:22:57

rst:0xc (SW_CPU_RESET),boot:0x12 (SPI_FAST_FLASH_BOOT)
configsip: 188777542, SPIWP:0xee
clk_drv:0x00,q_drv:0x00,d_drv:0x00,cs0_drv:0x00,hd_drv:0x00,wp_drv:0x00
mode:DIO, clock div:2
load:0x3fff0030,len:7172
load:0x40078000,len:15532
load:0x40080400,len:4
load:0x40080404,len:3904
entry 0x40080640
[0;32mI (29) boot: ESP-IDF v5.2 2nd stage bootloader[0m
[0;32mI (29) boot: compile time Jul  1 2025 16:18:04[0m
[0;32mI (30) boot: Multicore bootloader[0m
[0;32mI (34) boot: chip revision: v1.0[0m
[0;32mI (38) boot.esp32: SPI Speed      : 40MHz[0m
[0;32mI (42) boot.esp32: SPI Mode       : DIO[0m
[0;32mI (47) boot.esp32: SPI Flash Size : 4MB[0m
[0;32mI (51) boot: Enabling RNG early entropy source...[0m
[0;32mI (57) boot: Partition Table:[0m
[0;32mI (60) boot: ## Label            Usage          Type ST Offset   Length[0m
[0;32mI (68) boot:  0 nvs              WiFi data        01 02 00009000 00006000[0m
[0;32mI (75) boot:  1 phy_init         RF data          01 01 0000f000 00001000[0m
[0;32mI (83) boot:  2 factory          factory app      00 00 00010000 00100000[0m
[0;32mI (90) boot: End of partition table[0m
[0;32mI (94) esp_image: segment 0: paddr=00010020 vaddr=3f400020 size=09504h ( 38148) map[0m
[0;32mI (116) esp_image: segment 1: paddr=0001952c vaddr=3ffb0000 size=0222ch (  8748) load[0m
[0;32mI (119) esp_image: segment 2: paddr=0001b760 vaddr=40080000 size=048b8h ( 18616) load[0m
[0;32mI (129) esp_image: segment 3: paddr=00020020 vaddr=400d0020 size=13870h ( 79984) map[0m
[0;32mI (158) esp_image: segment 4: paddr=00033898 vaddr=400848b8 size=07e64h ( 32356) load[0m
[0;32mI (177) boot: Loaded app from partition at offset 0x10000[0m
[0;32mI (177) boot: Disabling RNG early entropy source...[0m
[0;32mI (188) cpu_start: Multicore app[0m
[0;32mI (197) cpu_start: Pro cpu start user code[0m
[0;32mI (197) cpu_start: cpu freq: 240000000 Hz[0m
[0;32mI (197) cpu_start: Application information:[0m
[0;32mI (200) cpu_start: Project name:     idf_t3_oled_basicII2[0m
[0;32mI (206) cpu_start: App version:      1[0m
[0;32mI (211) cpu_start: Compile time:     Jul  1 2025 16:17:46[0m
[0;32mI (217) cpu_start: ELF file SHA256:  378087ab7...[0m
[0;32mI (222) cpu_start: ESP-IDF:          v5.2[0m
[0;32mI (227) cpu_start: Min chip rev:     v0.0[0m
[0;32mI (232) cpu_start: Max chip rev:     v3.99 [0m
[0;32mI (237) cpu_start: Chip rev:         v1.0[0m
[0;32mI (241) heap_init: Initializing. RAM available for dynamic allocation:[0m
[0;32mI (249) heap_init: At 3FFAE6E0 len 00001920 (6 KiB): DRAM[0m
[0;32mI (255) heap_init: At 3FFB2B20 len 0002D4E0 (181 KiB): DRAM[0m
[0;32mI (261) heap_init: At 3FFE0440 len 00003AE0 (14 KiB): D/IRAM[0m
[0;32mI (267) heap_init: At 3FFE4350 len 0001BCB0 (111 KiB): D/IRAM[0m
[0;32mI (274) heap_init: At 4008C71C len 000138E4 (78 KiB): IRAM[0m
[0;32mI (281) spi_flash: detected chip: gd[0m
[0;32mI (284) spi_flash: flash io: dio[0m
[0;32mI (289) main_task: Started on CPU0[0m
[0;32mI (299) main_task: Calling app_main()[0m
Guru Meditation Error: Core  0 panic'ed (LoadProhibited). Exception was unhandled.

Core  0 register dump:
PC      : 0x400d8f48  PS      : 0x00060430  A0      : 0x800d83f2  A1      : 0x3ffb4a30  
A2      : 0x3ffb4c24  A3      : 0x3ffaeb44  A4      : 0x00000000  A5      : 0x00000000  
A6      : 0x3ffb4d60  A7      : 0x00000000  A8      : 0x00000000  A9      : 0x00000000  
A10     : 0x00000000  A11     : 0x00000000  A12     : 0x000000ff  A13     : 0x0000ff00  
A14     : 0x00ff0000  A15     : 0xff000000  SAR     : 0x00000019  EXCCAUSE: 0x0000001c  
EXCVADDR: 0x00000000  LBEG    : 0x400014fd  LEND    : 0x4000150d  LCOUNT  : 0xffffffff  


Backtrace: 0x400d8f45:0x3ffb4a30 0x400d83ef:0x3ffb4d50 0x400d528f:0x3ffb4da0 0x400d52f9:0x3ffb4dc0 0x400d56a7:0x3ffb4de0 0x400d52e4:0x3ffb4e00 0x400e30a8:0x3ffb4e20 0x40086021:0x3ffb4e50




ELF file SHA256: 378087ab7

Rebooting...
ets Jun  8 2016 00:22:57

rst:0xc (SW_CPU_RESET),boot:0x12 (SPI_FAST_FLASH_BOOT)
configsip: 188777542, SPIWP:0xee
clk_drv:0x00,q_drv:0x00,d_drv:0x00,cs0_drv:0x00,hd_drv:0x00,wp_drv:0x00
mode:DIO, clock div:2
load:0x3fff0030,len:7172
load:0x40078000,len:15532
load:0x40080400,len:4
load:0x40080404,len:3904
entry 0x40080640
[0;32mI (29) boot: ESP-IDF v5.2 2nd stage bootloader[0m
[0;32mI (29) boot: compile time Jul  1 2025 16:18:04[0m
[0;32mI (30) boot: Multicore bootloader[0m
[0;32mI (34) boot: chip revision: v1.0[0m
[0;32mI (38) boot.esp32: SPI Speed      : 40MHz[0m
[0;32mI (42) boot.esp32: SPI Mode       : DIO[0m
[0;32mI (47) boot.esp32: SPI Flash Size : 4MB[0m
[0;32mI (51) boot: Enabling RNG early entropy source...[0m
[0;32mI (57) boot: Partition Table:[0m
[0;32mI (60) boot: ## Label            Usage          Type ST Offset   Length[0m
[0;32mI (68) boot:  0 nvs              WiFi data        01 02 00009000 00006000[0m
[0;32mI (75) boot:  1 phy_init         RF data          01 01 0000f000 00001000[0m
[0;32mI (83) boot:  2 factory          factory app      00 00 00010000 00100000[0m
[0;32mI (90) boot: End of partition table[0m
[0;32mI (94) esp_image: segment 0: paddr=00010020 vaddr=3f400020 size=09504h ( 38148) map[0m
[0;32mI (116) esp_image: segment 1: paddr=0001952c vaddr=3ffb0000 size=0222ch (  8748) load[0m
[0;32mI (119) esp_image: segment 2: paddr=0001b760 vaddr=40080000 size=048b8h ( 18616) load[0m
[0;32mI (129) esp_image: segment 3: paddr=00020020 vaddr=400d0020 size=13870h ( 79984) map[0m
[0;32mI (158) esp_image: segment 4: paddr=00033898 vaddr=400848b8 size=07e64h ( 32356) load[0m
[0;32mI (177) boot: Loaded app from partition at offset 0x10000[0m
[0;32mI (177) boot: Disabling RNG early entropy source...[0m
[0;32mI (188) cpu_start: Multicore app[0m
[0;32mI (197) cpu_start: Pro cpu start user code[0m
[0;32mI (197) cpu_start: cpu freq: 240000000 Hz[0m
[0;32mI (197) cpu_start: Application information:[0m
[0;32mI (200) cpu_start: Project name:     idf_t3_oled_basicII2[0m
[0;32mI (206) cpu_start: App version:      1[0m
[0;32mI (211) cpu_start: Compile time:     Jul  1 2025 16:17:46[0m
[0;32mI (217) cpu_start: ELF file SHA256:  378087ab7...[0m
[0;32mI (222) cpu_start: ESP-IDF:          v5.2[0m
[0;32mI (227) cpu_start: Min chip rev:     v0.0[0m
[0;32mI (232) cpu_start: Max chip rev:     v3.99 [0m
[0;32mI (237) cpu_start: Chip rev:         v1.0[0m
[0;32mI (242) heap_init: Initializing. RAM available for dynamic allocation:[0m
[0;32mI (249) heap_init: At 3FFAE6E0 len 00001920 (6 KiB): DRAM[0m
[0;32mI (255) heap_init: At 3FFB2B20 len 0002D4E0 (181 KiB): DRAM[0m
[0;32mI (261) heap_init: At 3FFE0440 len 00003AE0 (14 KiB): D/IRAM[0m
[0;32mI (267) heap_init: At 3FFE4350 len 0001BCB0 (111 KiB): D/IRAM[0m
[0;32mI (274) heap_init: At 4008C71C len 000138E4 (78 KiB): IRAM[0m
[0;32mI (281) spi_flash: detected chip: gd[0m
[0;32mI (284) spi_flash: flash io: dio[0m
[0;32mI (289) main_task: Started on CPU0[0m
[0;32mI (299) main_task: Calling app_main()[0m
Guru Meditation Error: Core  0 panic'ed (LoadProhibited). Exception was unhandled.

Core  0 register dump:
PC      : 0x400d8f48  PS      : 0x00060430  A0      : 0x800d83f2  A1      : 0x3ffb4a30  
A2      : 0x3ffb4c24  A3      : 0x3ffaeb44  A4      : 0x00000000  A5      : 0x00000000  
A6      : 0x3ffb4d60  A7      : 0x00000000  A8      : 0x00000000  A9      : 0x00000000  
A10     : 0x00000000  A11     : 0x00000000  A12     : 0x000000ff  A13     : 0x0000ff00  
A14     : 0x00ff0000  A15     : 0xff000000  SAR     : 0x00000019  EXCCAUSE: 0x0000001c  
EXCVADDR: 0x00000000  LBEG    : 0x400014fd  LEND    : 0x4000150d  LCOUNT  : 0xffffffff  


Backtrace: 0x400d8f45:0x3ffb4a30 0x400d83ef:0x3ffb4d50 0x400d528f:0x3ffb4da0 0x400d52f9:0x3ffb4dc0 0x400d56a7:0x3ffb4de0 0x400d52e4:0x3ffb4e00 0x400e30a8:0x3ffb4e20 0x40086021:0x3ffb4e50




ELF file SHA256: 378087ab7

Rebooting...
ets Jun  8 2016 00:22:57

rst:0xc (SW_CPU_RESET),boot:0x12 (SPI_FAST_FLASH_BOOT)
configsip: 188777542, SPIWP:0xee
clk_drv:0x00,q_drv:0x00,d_drv:0x00,cs0_drv:0x00,hd_drv:0x00,wp_drv:0x00
mode:DIO, clock div:2
load:0x3fff0030,len:7172
load:0x40078000,len:15532
load:0x40080400,len:4
load:0x40080404,len:3904
entry 0x40080640
[0;32mI (29) boot: ESP-IDF v5.2 2nd stage bootloader[0m
[0;32mI (29) boot: compile time Jul  1 2025 16:18:04[0m
[0;32mI (30) boot: Multicore bootloader[0m
[0;32mI (34) boot: chip revision: v1.0[0m
[0;32mI (38) boot.esp32: SPI Speed      : 40MHz[0m
[0;32mI (42) boot.esp32: SPI Mode       : DIO[0m
[0;32mI (47) boot.esp32: SPI Flash Size : 4MB[0m
[0;32mI (51) boot: Enabling RNG early entropy source...[0m
[0;32mI (57) boot: Partition Table:[0m
[0;32mI (60) boot: ## Label            Usage          Type ST Offset   Length[0m
[0;32mI (68) boot:  0 nvs              WiFi data        01 02 00009000 00006000[0m
[0;32mI (75) boot:  1 phy_init         RF data          01 01 0000f000 00001000[0m
[0;32mI (83) boot:  2 factory          factory app      00 00 00010000 00100000[0m
[0;32mI (90) boot: End of partition table[0m
[0;32mI (94) esp_image: segment 0: paddr=00010020 vaddr=3f400020 size=09504h ( 38148) map[0m
[0;32mI (116) esp_image: segment 1: paddr=0001952c vaddr=3ffb0000 size=0222ch (  8748) load[0m
[0;32mI (119) esp_image: segment 2: paddr=0001b760 vaddr=40080000 size=048b8h ( 18616) load[0m
[0;32mI (129) esp_image: segment 3: paddr=00020020 vaddr=400d0020 size=13870h ( 79984) map[0m
[0;32mI (158) esp_image: segment 4: paddr=00033898 vaddr=400848b8 size=07e64h ( 32356) load[0m
[0;32mI (177) boot: Loaded app from partition at offset 0x10000[0m
[0;32mI (177) boot: Disabling RNG early entropy source...[0m
[0;32mI (188) cpu_start: Multicore app[0m
[0;32mI (197) cpu_start: Pro cpu start user code[0m
[0;32mI (197) cpu_start: cpu freq: 240000000 Hz[0m
[0;32mI (197) cpu_start: Application information:[0m
[0;32mI (200) cpu_start: Project name:     idf_t3_oled_basicII2[0m
[0;32mI (206) cpu_start: App version:      1[0m
[0;32mI (211) cpu_start: Compile time:     Jul  1 2025 16:17:46[0m
[0;32mI (217) cpu_start: ELF file SHA256:  378087ab7...[0m
[0;32mI (222) cpu_start: ESP-IDF:          v5.2[0m
[0;32mI (227) cpu_start: Min chip rev:     v0.0[0m
[0;32mI (232) cpu_start: Max chip rev:     v3.99 [0m
[0;32mI (237) cpu_start: Chip rev:         v1.0[0m
[0;32mI (241) heap_init: Initializing. RAM available for dynamic allocation:[0m
[0;32mI (249) heap_init: At 3FFAE6E0 len 00001920 (6 KiB): DRAM[0m
[0;32mI (255) heap_init: At 3FFB2B20 len 0002D4E0 (181 KiB): DRAM[0m
[0;32mI (261) heap_init: At 3FFE0440 len 00003AE0 (14 KiB): D/IRAM[0m
[0;32mI (267) heap_init: At 3FFE4350 len 0001BCB0 (111 KiB): D/IRAM[0m
[0;32mI (274) heap_init: At 4008C71C len 000138E4 (78 KiB): IRAM[0m
[0;32mI (281) spi_flash: detected chip: gd[0m
[0;32mI (284) spi_flash: flash io: dio[0m
[0;32mI (289) main_task: Started on CPU0[0m
[0;32mI (299) main_task: Calling app_main()[0m
Guru Meditation Error: Core  0 panic'ed (LoadProhibited). Exception was unhandled.

Core  0 register dump:
PC      : 0x400d8f48  PS      : 0x00060430  A0      : 0x800d83f2  A1      : 0x3ffb4a30  
A2      : 0x3ffb4c24  A3      : 0x3ffaeb44  A4      : 0x00000000  A5      : 0x00000000  
A6      : 0x3ffb4d60  A7      : 0x00000000  A8      : 0x00000000  A9      : 0x00000000  
A10     : 0x00000000  A11     : 0x00000000  A12     : 0x000000ff  A13     : 0x0000ff00  
A14     : 0x00ff0000  A15     : 0xff000000  SAR     : 0x00000019  EXCCAUSE: 0x0000001c  
EXCVADDR: 0x00000000  LBEG    : 0x400014fd  LEND    : 0x4000150d  LCOUNT  : 0xffffffff  


Backtrace: 0x400d8f45:0x3ffb4a30 0x400d83ef:0x3ffb4d50 0x400d528f:0x3ffb4da0 0x400d52f9:0x3ffb4dc0 0x400d56a7:0x3ffb4de0 0x400d52e4:0x3ffb4e00 0x400e30a8:0x3ffb4e20 0x40086021:0x3ffb4e50




ELF file SHA256: 378087ab7

Rebooting...
ets Jun  8 2016 00:22:57

rst:0xc (SW_CPU_RESET),boot:0x12 (SPI_FAST_FLASH_BOOT)
configsip: 188777542, SPIWP:0xee
clk_drv:0x00,q_drv:0x00,d_drv:0x00,cs0_drv:0x00,hd_drv:0x00,wp_drv:0x00
mode:DIO, clock div:2
load:0x3fff0030,len:7172
load:0x40078000,len:15532
load:0x40080400,len:4
load:0x40080404,len:3904
entry 0x40080640
[0;32mI (29) boot: ESP-IDF v5.2 2nd stage bootloader[0m
[0;32mI (29) boot: compile time Jul  1 2025 16:18:04[0m
[0;32mI (30) boot: Multicore bootloader[0m
[0;32mI (34) boot: chip revision: v1.0[0m
[0;32mI (38) boot.esp32: SPI Speed      : 40MHz[0m
[0;32mI (42) boot.esp32: SPI Mode       : DIO[0m
[0;32mI (47) boot.esp32: SPI Flash Size : 4MB[0m
[0;32mI (51) boot: Enabling RNG early entropy source...[0m
[0;32mI (57) boot: Partition Table:[0m
[0;32mI (60) boot: ## Label            Usage          Type ST Offset   Length[0m
[0;32mI (68) boot:  0 nvs              WiFi data        01 02 00009000 00006000[0m
[0;32mI (75) boot:  1 phy_init         RF data          01 01 0000f000 00001000[0m
[0;32mI (83) boot:  2 factory          factory app      00 00 00010000 00100000[0m
[0;32mI (90) boot: End of partition table[0m
[0;32mI (94) esp_image: segment 0: paddr=00010020 vaddr=3f400020 size=09504h ( 38148) map[0m
[0;32mI (116) esp_image: segment 1: paddr=0001952c vaddr=3ffb0000 size=0222ch (  8748) load[0m
[0;32mI (119) esp_image: segment 2: paddr=0001b760 vaddr=40080000 size=048b8h ( 18616) load[0m
[0;32mI (129) esp_image: segment 3: paddr=00020020 vaddr=400d0020 size=13870h ( 79984) map[0m
[0;32mI (158) esp_image: segment 4: paddr=00033898 vaddr=400848b8 size=07e64h ( 32356) load[0m
[0;32mI (177) boot: Loaded app from partition at offset 0x10000[0m
[0;32mI (177) boot: Disabling RNG early entropy source...[0m
[0;32mI (188) cpu_start: Multicore app[0m
[0;32mI (197) cpu_start: Pro cpu start user code[0m
[0;32mI (197) cpu_start: cpu freq: 240000000 Hz[0m
[0;32mI (197) cpu_start: Application information:[0m
[0;32mI (200) cpu_start: Project name:     idf_t3_oled_basicII2[0m
[0;32mI (206) cpu_start: App version:      1[0m
[0;32mI (211) cpu_start: Compile time:     Jul  1 2025 16:17:46[0m
[0;32mI (217) cpu_start: ELF file SHA256:  378087ab7...[0m
[0;32mI (222) cpu_start: ESP-IDF:          v5.2[0m
[0;32mI (227) cpu_start: Min chip rev:     v0.0[0m
[0;32mI (232) cpu_start: Max chip rev:     v3.99 [0m
[0;32mI (237) cpu_start: Chip rev:         v1.0[0m
[0;32mI (242) heap_init: Initializing. RAM available for dynamic allocation:[0m
[0;32mI (249) heap_init: At 3FFAE6E0 len 00001920 (6 KiB): DRAM[0m
[0;32mI (255) heap_init: At 3FFB2B20 len 0002D4E0 (181 KiB): DRAM[0m
[0;32mI (261) heap_init: At 3FFE0440 len 00003AE0 (14 KiB): D/IRAM[0m
[0;32mI (267) heap_init: At 3FFE4350 len 0001BCB0 (111 KiB): D/IRAM[0m
[0;32mI (274) heap_init: At 4008C71C len 000138E4 (78 KiB): IRAM[0m
[0;32mI (281) spi_flash: detected chip: gd[0m
[0;32mI (284) spi_flash: flash io: dio[0m
[0;32mI (289) main_task: Started on CPU0[0m
[0;32mI (299) main_task: Calling app_main()[0m
Guru Meditation Error: Core  0 panic'ed (LoadProhibited). Exception was unhandled.

Core  0 register dump:
PC      : 0x400d8f48  PS      : 0x00060430  A0      : 0x800d83f2  A1      : 0x3ffb4a30  
A2      : 0x3ffb4c24  A3      : 0x3ffaeb44  A4      : 0x00000000  A5      : 0x00000000  
A6      : 0x3ffb4d60  A7      : 0x00000000  A8      : 0x00000000  A9      : 0x00000000  
A10     : 0x00000000  A11     : 0x00000000  A12     : 0x000000ff  A13     : 0x0000ff00  
A14     : 0x00ff0000  A15     : 0xff000000  SAR     : 0x00000019  EXCCAUSE: 0x0000001c  
EXCVADDR: 0x00000000  LBEG    : 0x400014fd  LEND    : 0x4000150d  LCOUNT  : 0xffffffff  


Backtrace: 0x400d8f45:0x3ffb4a30 0x400d83ef:0x3ffb4d50 0x400d528f:0x3ffb4da0 0x400d52f9:0x3ffb4dc0 0x400d56a7:0x3ffb4de0 0x400d52e4:0x3ffb4e00 0x400e30a8:0x3ffb4e20 0x40086021:0x3ffb4e50




ELF file SHA256: 378087ab7

Rebooting...
ets Jun  8 2016 00:22:57

rst:0xc (SW_CPU_RESET),boot:0x12 (SPI_FAST_FLASH_BOOT)
configsip: 188777542, SPIWP:0xee
clk_drv:0x00,q_drv:0x00,d_drv:0x00,cs0_drv:0x00,hd_drv:0x00,wp_drv:0x00
mode:DIO, clock div:2
load:0x3fff0030,len:7172
load:0x40078000,len:15532
load:0x40080400,len:4
load:0x40080404,len:3904
entry 0x40080640
[0;32mI (29) boot: ESP-IDF v5.2 2nd stage bootloader[0m
[0;32mI (29) boot: compile time Jul  1 2025 16:18:04[0m
[0;32mI (30) boot: Multicore bootloader[0m
[0;32mI (34) boot: chip revision: v1.0[0m
[0;32mI (38) boot.esp32: SPI Speed      : 40MHz[0m
[0;32mI (42) boot.esp32: SPI Mode       : DIO[0m
[0;32mI (47) boot.esp32: SPI Flash Size : 4MB[0m
[0;32mI (51) boot: Enabling RNG early entropy source...[0m
[0;32mI (57) boot: Partition Table:[0m
[0;32mI (60) boot: ## Label            Usage          Type ST Offset   Length[0m
[0;32mI (68) boot:  0 nvs              WiFi data        01 02 00009000 00006000[0m
[0;32mI (75) boot:  1 phy_init         RF data          01 01 0000f000 00001000[0m
[0;32mI (83) boot:  2 factory          factory app      00 00 00010000 00100000[0m
[0;32mI (90) boot: End of partition table[0m
[0;32mI (94) esp_image: segment 0: paddr=00010020 vaddr=3f400020 size=09504h ( 38148) map[0m
[0;32mI (116) esp_image: segment 1: paddr=0001952c vaddr=3ffb0000 size=0222ch (  8748) load[0m
[0;32mI (119) esp_image: segment 2: paddr=0001b760 vaddr=40080000 size=048b8h ( 18616) load[0m
[0;32mI (129) esp_image: segment 3: paddr=00020020 vaddr=400d0020 size=13870h ( 79984) map[0m
[0;32mI (158) esp_image: segment 4: paddr=00033898 vaddr=400848b8 size=07e64h ( 32356) load[0m
[0;32mI (177) boot: Loaded app from partition at offset 0x10000[0m
[0;32mI (177) boot: Disabling RNG early entropy source...[0m
[0;32mI (188) cpu_start: Multicore app[0m
[0;32mI (197) cpu_start: Pro cpu start user code[0m
[0;32mI (197) cpu_start: cpu freq: 240000000 Hz[0m
[0;32mI (197) cpu_start: Application information:[0m
[0;32mI (200) cpu_start: Project name:     idf_t3_oled_basicII2[0m
[0;32mI (206) cpu_start: App version:      1[0m
[0;32mI (211) cpu_start: Compile time:     Jul  1 2025 16:17:46[0m
[0;32mI (217) cpu_start: ELF file SHA256:  378087ab7...[0m
[0;32mI (222) cpu_start: ESP-IDF:          v5.2[0m
[0;32mI (227) cpu_start: Min chip rev:     v0.0[0m
[0;32mI (232) cpu_start: Max chip rev:     v3.99 [0m
[0;32mI (237) cpu_start: Chip rev:         v1.0[0m
[0;32mI (241) heap_init: Initializing. RAM available for dynamic allocation:[0m
[0;32mI (249) heap_init: At 3FFAE6E0 len 00001920 (6 KiB): DRAM[0m
[0;32mI (255) heap_init: At 3FFB2B20 len 0002D4E0 (181 KiB): DRAM[0m
[0;32mI (261) heap_init: At 3FFE0440 len 00003AE0 (14 KiB): D/IRAM[0m
[0;32mI (267) heap_init: At 3FFE4350 len 0001BCB0 (111 KiB): D/IRAM[0m
[0;32mI (274) heap_init: At 4008C71C len 000138E4 (78 KiB): IRAM[0m
[0;32mI (281) spi_flash: detected chip: gd[0m
[0;32mI (284) spi_flash: flash io: dio[0m
[0;32mI (289) main_task: Started on CPU0[0m
[0;32mI (299) main_task: Calling app_main()[0m
Guru Meditation Error: Core  0 panic'ed (LoadProhibited). Exception was unhandled.

Core  0 register dump:
PC      : 0x400d8f48  PS      : 0x00060430  A0      : 0x800d83f2  A1      : 0x3ffb4a30  
A2      : 0x3ffb4c24  A3      : 0x3ffaeb44  A4      : 0x00000000  A5      : 0x00000000  
A6      : 0x3ffb4d60  A7      : 0x00000000  A8      : 0x00000000  A9      : 0x00000000  
A10     : 0x00000000  A11     : 0x00000000  A12     : 0x000000ff  A13     : 0x0000ff00  
A14     : 0x00ff0000  A15     : 0xff000000  SAR     : 0x00000019  EXCCAUSE: 0x0000001c  
EXCVADDR: 0x00000000  LBEG    : 0x400014fd  LEND    : 0x4000150d  LCOUNT  : 0xffffffff  


Backtrace: 0x400d8f45:0x3ffb4a30 0x400d83ef:0x3ffb4d50 0x400d528f:0x3ffb4da0 0x400d52f9:0x3ffb4dc0 0x400d56a7:0x3ffb4de0 0x400d52e4:0x3ffb4e00 0x400e30a8:0x3ffb4e20 0x40086021:0x3ffb4e50




ELF file SHA256: 378087ab7

Rebooting...
ets Jun  8 2016 00:22:57

rst:0xc (SW_CPU_RESET),boot:0x12 (SPI_FAST_FLASH_BOOT)
configsip: 188777542, SPIWP:0xee
clk_drv:0x00,q_drv:0x00,d_drv:0x00,cs0_drv:0x00,hd_drv:0x00,wp_drv:0x00
mode:DIO, clock div:2
load:0x3fff0030,len:7172
load:0x40078000,len:15532
load:0x40080400,len:4
load:0x40080404,len:3904
entry 0x40080640
[0;32mI (29) boot: ESP-IDF v5.2 2nd stage bootloader[0m
[0;32mI (29) boot: compile time Jul  1 2025 16:18:04[0m
[0;32mI (30) boot: Multicore bootloader[0m
[0;32mI (34) boot: chip revision: v1.0[0m
[0;32mI (38) boot.esp32: SPI Speed      : 40MHz[0m
[0;32mI (42) boot.esp32: SPI Mode       : DIO[0m
[0;32mI (47) boot.esp32: SPI Flash Size : 4MB[0m
[0;32mI (51) boot: Enabling RNG early entropy source...[0m
[0;32mI (57) boot: Partition Table:[0m
[0;32mI (60) boot: ## Label            Usage          Type ST Offset   Length[0m
[0;32mI (68) boot:  0 nvs              WiFi data        01 02 00009000 00006000[0m
[0;32mI (75) boot:  1 phy_init         RF data          01 01 0000f000 00001000[0m
[0;32mI (83) boot:  2 factory          factory app      00 00 00010000 00100000[0m
[0;32mI (90) boot: End of partition table[0m
[0;32mI (94) esp_image: segment 0: paddr=00010020 vaddr=3f400020 size=09504h ( 38148) map[0m
[0;32mI (116) esp_image: segment 1: paddr=0001952c vaddr=3ffb0000 size=0222ch (  8748) load[0m
[0;32mI (119) esp_image: segment 2: paddr=0001b760 vaddr=40080000 size=048b8h ( 18616) load[0m
[0;32mI (129) esp_image: segment 3: paddr=00020020 vaddr=400d0020 size=13870h ( 79984) map[0m
[0;32mI (158) esp_image: segment 4: paddr=00033898 vaddr=400848b8 size=07e64h ( 32356) load[0m
[0;32mI (177) boot: Loaded app from partition at offset 0x10000[0m
[0;32mI (177) boot: Disabling RNG early entropy source...[0m
[0;32mI (188) cpu_start: Multicore app[0m
[0;32mI (197) cpu_start: Pro cpu start user code[0m
[0;32mI (197) cpu_start: cpu freq: 240000000 Hz[0m
[0;32mI (197) cpu_start: Application information:[0m
[0;32mI (200) cpu_start: Project name:     idf_t3_oled_basicII2[0m
[0;32mI (206) cpu_start: App version:      1[0m
[0;32mI (211) cpu_start: Compile time:     Jul  1 2025 16:17:46[0m
[0;32mI (217) cpu_start: ELF file SHA256:  378087ab7...[0m
[0;32mI (222) cpu_start: ESP-IDF:          v5.2[0m
[0;32mI (227) cpu_start: Min chip rev:     v0.0[0m
[0;32mI (232) cpu_start: Max chip rev:     v3.99 [0m
[0;32mI (237) cpu_start: Chip rev:         v1.0[0m
[0;32mI (241) heap_init: Initializing. RAM available for dynamic allocation:[0m
[0;32mI (249) heap_init: At 3FFAE6E0 len 00001920 (6 KiB): DRAM[0m
[0;32mI (255) heap_init: At 3FFB2B20 len 0002D4E0 (181 KiB): DRAM[0m
[0;32mI (261) heap_init: At 3FFE0440 len 00003AE0 (14 KiB): D/IRAM[0m
[0;32mI (267) heap_init: At 3FFE4350 len 0001BCB0 (111 KiB): D/IRAM[0m
[0;32mI (274) heap_init: At 4008C71C len 000138E4 (78 KiB): IRAM[0m
[0;32mI (281) spi_flash: detected chip: gd[0m
[0;32mI (284) spi_flash: flash io: dio[0m
[0;32mI (289) main_task: Started on CPU0[0m
[0;32mI (299) main_task: Calling app_main()[0m
Guru Meditation Error: Core  0 panic'ed (LoadProhibited). Exception was unhandled.

Core  0 register dump:
PC      : 0x400d8f48  PS      : 0x00060430  A0      : 0x800d83f2  A1      : 0x3ffb4a30  
A2      : 0x3ffb4c24  A3      : 0x3ffaeb44  A4      : 0x00000000  A5      : 0x00000000  
A6      : 0x3ffb4d60  A7      : 0x00000000  A8      : 0x00000000  A9      : 0x00000000  
A10     : 0x00000000  A11     : 0x00000000  A12     : 0x000000ff  A13     : 0x0000ff00  
A14     : 0x00ff0000  A15     : 0xff000000  SAR     : 0x00000019  EXCCAUSE: 0x0000001c  
EXCVADDR: 0x00000000  LBEG    : 0x400014fd  LEND    : 0x4000150d  LCOUNT  : 0xffffffff  


Backtrace: 0x400d8f45:0x3ffb4a30 0x400d83ef:0x3ffb4d50 0x400d528f:0x3ffb4da0 0x400d52f9:0x3ffb4dc0 0x400d56a7:0x3ffb4de0 0x400d52e4:0x3ffb4e00 0x400e30a8:0x3ffb4e20 0x40086021:0x3ffb4e50




ELF file SHA256: 378087ab7

Rebooting...
ets Jun  8 2016 00:22:57

rst:0xc (SW_CPU_RESET),boot:0x12 (SPI_FAST_FLASH_BOOT)
configsip: 188777542, SPIWP:0xee
clk_drv:0x00,q_drv:0x00,d_drv:0x00,cs0_drv:0x00,hd_drv:0x00,wp_drv:0x00
mode:DIO, clock div:2
load:0x3fff0030,len:7172
load:0x40078000,len:15532
load:0x40080400,len:4
load:0x40080404,len:3904
entry 0x40080640
[0;32mI (29) boot: ESP-IDF v5.2 2nd stage bootloader[0m
[0;32mI (29) boot: compile time Jul  1 2025 16:18:04[0m
[0;32mI (30) boot: Multicore bootloader[0m
[0;32mI (34) boot: chip revision: v1.0[0m
[0;32mI (38) boot.esp32: SPI Speed      : 40MHz[0m
[0;32mI (42) boot.esp32: SPI Mode       : DIO[0m
[0;32mI (47) boot.esp32: SPI Flash Size : 4MB[0m
[0;32mI (51) boot: Enabling RNG early entropy source...[0m
[0;32mI (57) boot: Partition Table:[0m
[0;32mI (60) boot: ## Label            Usage          Type ST Offset   Length[0m
[0;32mI (68) boot:  0 nvs              WiFi data        01 02 00009000 00006000[0m
[0;32mI (75) boot:  1 phy_init         RF data          01 01 0000f000 00001000[0m
[0;32mI (83) boot:  2 factory          factory app      00 00 00010000 00100000[0m
[0;32mI (90) boot: End of partition table[0m
[0;32mI (94) esp_image: segment 0: paddr=00010020 vaddr=3f400020 size=09504h ( 38148) map[0m
[0;32mI (116) esp_image: segment 1: paddr=0001952c vaddr=3ffb0000 size=0222ch (  8748) load[0m
[0;32mI (119) esp_image: segment 2: paddr=0001b760 vaddr=40080000 size=048b8h ( 18616) load[0m
[0;32mI (129) esp_image: segment 3: paddr=00020020 vaddr=400d0020 size=13870h ( 79984) map[0m
[0;32mI (158) esp_image: segment 4: paddr=00033898 vaddr=400848b8 size=07e64h ( 32356) load[0m
[0;32mI (177) boot: Loaded app from partition at offset 0x10000[0m
[0;32mI (177) boot: Disabling RNG early entropy source...[0m
[0;32mI (188) cpu_start: Multicore app[0m
[0;32mI (197) cpu_start: Pro cpu start user code[0m
[0;32mI (197) cpu_start: cpu freq: 240000000 Hz[0m
[0;32mI (197) cpu_start: Application information:[0m
[0;32mI (200) cpu_start: Project name:     idf_t3_oled_basicII2[0m
[0;32mI (206) cpu_start: App version:      1[0m
[0;32mI (211) cpu_start: Compile time:     Jul  1 2025 16:17:46[0m
[0;32mI (217) cpu_start: ELF file SHA256:  378087ab7...[0m
[0;32mI (222) cpu_start: ESP-IDF:          v5.2[0m
[0;32mI (227) cpu_start: Min chip rev:     v0.0[0m
[0;32mI (232) cpu_start: Max chip rev:     v3.99 [0m
[0;32mI (237) cpu_start: Chip rev:         v1.0[0m
[0;32mI (241) heap_init: Initializing. RAM available for dynamic allocation:[0m
[0;32mI (249) heap_init: At 3FFAE6E0 len 00001920 (6 KiB): DRAM[0m
[0;32mI (255) heap_init: At 3FFB2B20 len 0002D4E0 (181 KiB): DRAM[0m
[0;32mI (261) heap_init: At 3FFE0440 len 00003AE0 (14 KiB): D/IRAM[0m
[0;32mI (267) heap_init: At 3FFE4350 len 0001BCB0 (111 KiB): D/IRAM[0m
[0;32mI (274) heap_init: At 4008C71C len 000138E4 (78 KiB): IRAM[0m
[0;32mI (281) spi_flash: detected chip: gd[0m
[0;32mI (284) spi_flash: flash io: dio[0m
[0;32mI (289) main_task: Started on CPU0[0m
[0;32mI (299) main_task: Calling app_main()[0m
Guru Meditation Error: Core  0 panic'ed (LoadProhibited). Exception was unhandled.

Core  0 register dump:
PC      : 0x400d8f48  PS      : 0x00060430  A0      : 0x800d83f2  A1      : 0x3ffb4a30  
A2      : 0x3ffb4c24  A3      : 0x3ffaeb44  A4      : 0x00000000  A5      : 0x00000000  
A6      : 0x3ffb4d60  A7      : 0x00000000  A8      : 0x00000000  A9      : 0x00000000  
A10     : 0x00000000  A11     : 0x00000000  A12     : 0x000000ff  A13     : 0x0000ff00  
A14     : 0x00ff0000  A15     : 0xff000000  SAR     : 0x00000019  EXCCAUSE: 0x0000001c  
EXCVADDR: 0x00000000  LBEG    : 0x400014fd  LEND    : 0x4000150d  LCOUNT  : 0xffffffff  


Backtrace: 0x400d8f45:0x3ffb4a30 0x400d83ef:0x3ffb4d50 0x400d528f:0x3ffb4da0 0x400d52f9:0x3ffb4dc0 0x400d56a7:0x3ffb4de0 0x400d52e4:0x3ffb4e00 0x400e30a8:0x3ffb4e20 0x40086021:0x3ffb4e50




ELF file SHA256: 378087ab7

Rebooting...
ets Jun  8 2016 00:22:57

rst:0xc (SW_CPU_RESET),boot:0x12 (SPI_FAST_FLASH_BOOT)
configsip: 188777542, SPIWP:0xee
clk_drv:0x00,q_drv:0x00,d_drv:0x00,cs0_drv:0x00,hd_drv:0x00,wp_drv:0x00
mode:DIO, clock div:2
load:0x3fff0030,len:7172
load:0x40078000,len:15532
load:0x40080400,len:4
load:0x40080404,len:3904
entry 0x40080640
[0;32mI (29) boot: ESP-IDF v5.2 2nd stage bootloader[0m
[0;32mI (29) boot: compile time Jul  1 2025 16:18:04[0m
[0;32mI (30) boot: Multicore bootloader[0m
[0;32mI (34) boot: chip revision: v1.0[0m
[0;32mI (38) boot.esp32: SPI Speed      : 40MHz[0m
[0;32mI (42) boot.esp32: SPI Mode       : DIO[0m
[0;32mI (47) boot.esp32: SPI Flash Size : 4MB[0m
[0;32mI (51) boot: Enabling RNG early entropy source...[0m
[0;32mI (57) boot: Partition Table:[0m
[0;32mI (60) boot: ## Label            Usage          Type ST Offset   Length[0m
[0;32mI (68) boot:  0 nvs              WiFi data        01 02 00009000 00006000[0m
[0;32mI (75) boot:  1 phy_init         RF data          01 01 0000f000 00001000[0m
[0;32mI (83) boot:  2 factory          factory app      00 00 00010000 00100000[0m
[0;32mI (90) boot: End of partition table[0m
[0;32mI (94) esp_image: segment 0: paddr=00010020 vaddr=3f400020 size=09504h ( 38148) map[0m
[0;32mI (116) esp_image: segment 1: paddr=0001952c vaddr=3ffb0000 size=0222ch (  8748) load[0m
[0;32mI (119) esp_image: segment 2: paddr=0001b760 vaddr=40080000 size=048b8h ( 18616) load[0m
[0;32mI (129) esp_image: segment 3: paddr=00020020 vaddr=400d0020 size=13870h ( 79984) map[0m
[0;32mI (158) esp_image: segment 4: paddr=00033898 vaddr=400848b8 size=07e64h ( 32356) load[0m
[0;32mI (177) boot: Loaded app from partition at offset 0x10000[0m
[0;32mI (177) boot: Disabling RNG early entropy source...[0m
[0;32mI (188) cpu_start: Multicore app[0m
[0;32mI (197) cpu_start: Pro cpu start user code[0m
[0;32mI (197) cpu_start: cpu freq: 240000000 Hz[0m
[0;32mI (197) cpu_start: Application information:[0m
[0;32mI (200) cpu_start: Project name:     idf_t3_oled_basicII2[0m
[0;32mI (206) cpu_start: App version:      1[0m
[0;32mI (211) cpu_start: Compile time:     Jul  1 2025 16:17:46[0m
[0;32mI (217) cpu_start: ELF file SHA256:  378087ab7...[0m
[0;32mI (222) cpu_start: ESP-IDF:          v5.2[0m
[0;32mI (227) cpu_start: Min chip rev:     v0.0[0m
[0;32mI (232) cpu_start: Max chip rev:     v3.99 [0m
[0;32mI (237) cpu_start: Chip rev:         v1.0[0m
[0;32mI (242) heap_init: Initializing. RAM available for dynamic allocation:[0m
[0;32mI (249) heap_init: At 3FFAE6E0 len 00001920 (6 KiB): DRAM[0m
[0;32mI (255) heap_init: At 3FFB2B20 len 0002D4E0 (181 KiB): DRAM[0m
[0;32mI (261) heap_init: At 3FFE0440 len 00003AE0 (14 KiB): D/IRAM[0m
[0;32mI (267) heap_init: At 3FFE4350 len 0001BCB0 (111 KiB): D/IRAM[0m
[0;32mI (274) heap_init: At 4008C71C len 000138E4 (78 KiB): IRAM[0m
[0;32mI (281) spi_flash: detected chip: gd[0m
[0;32mI (284) spi_flash: flash io: dio[0m
[0;32mI (289) main_task: Started on CPU0[0m
[0;32mI (299) main_task: Calling app_main()[0m
Guru Meditation Error: Core  0 panic'ed (LoadProhibited). Exception was unhandled.

Core  0 register dump:
PC      : 0x400d8f48  PS      : 0x00060430  A0      : 0x800d83f2  A1      : 0x3ffb4a30  
A2      : 0x3ffb4c24  A3      : 0x3ffaeb44  A4      : 0x00000000  A5      : 0x00000000  
A6      : 0x3ffb4d60  A7      : 0x00000000  A8      : 0x00000000  A9      : 0x00000000  
A10     : 0x00000000  A11     : 0x00000000  A12     : 0x000000ff  A13     : 0x0000ff00  
A14     : 0x00ff0000  A15     : 0xff000000  SAR     : 0x00000019  EXCCAUSE: 0x0000001c  
EXCVADDR: 0x00000000  LBEG    : 0x400014fd  LEND    : 0x4000150d  LCOUNT  : 0xffffffff  


Backtrace: 0x400d8f45:0x3ffb4a30 0x400d83ef:0x3ffb4d50 0x400d528f:0x3ffb4da0 0x400d52f9:0x3ffb4dc0 0x400d56a7:0x3ffb4de0 0x400d52e4:0x3ffb4e00 0x400e30a8:0x3ffb4e20 0x40086021:0x3ffb4e50




ELF file SHA256: 378087ab7

Rebooting...
ets Jun  8 2016 00:22:57

rst:0xc (SW_CPU_RESET),boot:0x12 (SPI_FAST_FLASH_BOOT)
configsip: 188777542, SPIWP:0xee
clk_drv:0x00,q_drv:0x00,d_drv:0x00,cs0_drv:0x00,hd_drv:0x00,wp_drv:0x00
mode:DIO, clock div:2
load:0x3fff0030,len:7172
load:0x40078000,len:15532
load:0x40080400,len:4
load:0x40080404,len:3904
entry 0x40080640
[0;32mI (29) boot: ESP-IDF v5.2 2nd stage bootloader[0m
[0;32mI (29) boot: compile time Jul  1 2025 16:18:04[0m
[0;32mI (30) boot: Multicore bootloader[0m
[0;32mI (34) boot: chip revision: v1.0[0m
[0;32mI (38) boot.esp32: SPI Speed      : 40MHz[0m
[0;32mI (42) boot.esp32: SPI Mode       : DIO[0m
[0;32mI (47) boot.esp32: SPI Flash Size : 4MB[0m
[0;32mI (51) boot: Enabling RNG early entropy source...[0m
[0;32mI (57) boot: Partition Table:[0m
[0;32mI (60) boot: ## Label            Usage          Type ST Offset   Length[0m
[0;32mI (68) boot:  0 nvs              WiFi data        01 02 00009000 00006000[0m
[0;32mI (75) boot:  1 phy_init         RF data          01 01 0000f000 00001000[0m
[0;32mI (83) boot:  2 factory          factory app      00 00 00010000 00100000[0m
[0;32mI (90) boot: End of partition table[0m
[0;32mI (94) esp_image: segment 0: paddr=00010020 vaddr=3f400020 size=09504h ( 38148) map[0m
[0;32mI (116) esp_image: segment 1: paddr=0001952c vaddr=3ffb0000 size=0222ch (  8748) load[0m
[0;32mI (119) esp_image: segment 2: paddr=0001b760 vaddr=40080000 size=048b8h ( 18616) load[0m
[0;32mI (129) esp_image: segment 3: paddr=00020020 vaddr=400d0020 size=13870h ( 79984) map[0m
[0;32mI (158) esp_image: segment 4: paddr=00033898 vaddr=400848b8 size=07e64h ( 32356) load[0m
[0;32mI (177) boot: Loaded app from partition at offset 0x10000[0m
[0;32mI (177) boot: Disabling RNG early entropy source...[0m
[0;32mI (188) cpu_start: Multicore app[0m
[0;32mI (197) cpu_start: Pro cpu start user code[0m
[0;32mI (197) cpu_start: cpu freq: 240000000 Hz[0m
[0;32mI (197) cpu_start: Application information:[0m
[0;32mI (200) cpu_start: Project name:     idf_t3_oled_basicII2[0m
[0;32mI (206) cpu_start: App version:      1[0m
[0;32mI (211) cpu_start: Compile time:     Jul  1 2025 16:17:46[0m
[0;32mI (217) cpu_start: ELF file SHA256:  378087ab7...[0m
[0;32mI (222) cpu_start: ESP-IDF:          v5.2[0m
[0;32mI (227) cpu_start: Min chip rev:     v0.0[0m
[0;32mI (232) cpu_start: Max chip rev:     v3.99 [0m
[0;32mI (237) cpu_start: Chip rev:         v1.0[0m
[0;32mI (242) heap_init: Initializing. RAM available for dynamic allocation:[0m
[0;32mI (249) heap_init: At 3FFAE6E0 len 00001920 (6 KiB): DRAM[0m
[0;32mI (255) heap_init: At 3FFB2B20 len 0002D4E0 (181 KiB): DRAM[0m
[0;32mI (261) heap_init: At 3FFE0440 len 00003AE0 (14 KiB): D/IRAM[0m
[0;32mI (267) heap_init: At 3FFE4350 len 0001BCB0 (111 KiB): D/IRAM[0m
[0;32mI (274) heap_init: At 4008C71C len 000138E4 (78 KiB): IRAM[0m
[0;32mI (281) spi_flash: detected chip: gd[0m
[0;32mI (284) spi_flash: flash io: dio[0m
[0;32mI (289) main_task: Started on CPU0[0m
[0;32mI (299) main_task: Calling app_main()[0m
Guru Meditation Error: Core  0 panic'ed (LoadProhibited). Exception was unhandled.

Core  0 register dump:
PC      : 0x400d8f48  PS      : 0x00060430  A0      : 0x800d83f2  A1      : 0x3ffb4a30  
A2      : 0x3ffb4c24  A3      : 0x3ffaeb44  A4      : 0x00000000  A5      : 0x00000000  
A6      : 0x3ffb4d60  A7      : 0x00000000  A8      : 0x00000000  A9      : 0x00000000  
A10     : 0x00000000  A11     : 0x00000000  A12     : 0x000000ff  A13     : 0x0000ff00  
A14     : 0x00ff0000  A15     : 0xff000000  SAR     : 0x00000019  EXCCAUSE: 0x0000001c  
EXCVADDR: 0x00000000  LBEG    : 0x400014fd  LEND    : 0x4000150d  LCOUNT  : 0xffffffff  


Backtrace: 0x400d8f45:0x3ffb4a30 0x400d83ef:0x3ffb4d50 0x400d528f:0x3ffb4da0 0x400d52f9:0x3ffb4dc0 0x400d56a7:0x3ffb4de0 0x400d52e4:0x3ffb4e00 0x400e30a8:0x3ffb4e20 0x40086021:0x3ffb4e50




ELF file SHA256: 378087ab7

Rebooting...
ets Jun  8 2016 00:22:57

rst:0xc (SW_CPU_RESET),boot:0x12 (SPI_FAST_FLASH_BOOT)
configsip: 188777542, SPIWP:0xee
clk_drv:0x00,q_drv:0x00,d_drv:0x00,cs0_drv:0x00,hd_drv:0x00,wp_drv:0x00
mode:DIO, clock div:2
load:0x3fff0030,len:7172
load:0x40078000,len:15532
load:0x40080400,len:4
load:0x40080404,len:3904
entry 0x40080640
[0;32mI (29) boot: ESP-IDF v5.2 2nd stage bootloader[0m
[0;32mI (29) boot: compile time Jul  1 2025 16:18:04[0m
[0;32mI (30) boot: Multicore bootloader[0m
[0;32mI (34) boot: chip revision: v1.0[0m
[0;32mI (38) boot.esp32: SPI Speed      : 40MHz[0m
[0;32mI (42) boot.esp32: SPI Mode       : DIO[0m
[0;32mI (47) boot.esp32: SPI Flash Size : 4MB[0m
[0;32mI (51) boot: Enabling RNG early entropy source...[0m
[0;32mI (57) boot: Partition Table:[0m
[0;32mI (60) boot: ## Label            Usage          Type ST Offset   Length[0m
[0;32mI (68) boot:  0 nvs              WiFi data        01 02 00009000 00006000[0m
[0;32mI (75) boot:  1 phy_init         RF data          01 01 0000f000 00001000[0m
[0;32mI (83) boot:  2 factory          factory app      00 00 00010000 00100000[0m
[0;32mI (90) boot: End of partition table[0m
[0;32mI (94) esp_image: segment 0: paddr=00010020 vaddr=3f400020 size=09504h ( 38148) map[0m
[0;32mI (116) esp_image: segment 1: paddr=0001952c vaddr=3ffb0000 size=0222ch (  8748) load[0m
[0;32mI (119) esp_image: segment 2: paddr=0001b760 vaddr=40080000 size=048b8h ( 18616) load[0m
[0;32mI (129) esp_image: segment 3: paddr=00020020 vaddr=400d0020 size=13870h ( 79984) map[0m
[0;32mI (158) esp_image: segment 4: paddr=00033898 vaddr=400848b8 size=07e64h ( 32356) load[0m
[0;32mI (177) boot: Loaded app from partition at offset 0x10000[0m
[0;32mI (177) boot: Disabling RNG early entropy source...[0m
[0;32mI (188) cpu_start: Multicore app[0m
[0;32mI (197) cpu_start: Pro cpu start user code[0m
[0;32mI (197) cpu_start: cpu freq: 240000000 Hz[0m
[0;32mI (197) cpu_start: Application information:[0m
[0;32mI (200) cpu_start: Project name:     idf_t3_oled_basicII2[0m
[0;32mI (206) cpu_start: App version:      1[0m
[0;32mI (211) cpu_start: Compile time:     Jul  1 2025 16:17:46[0m
[0;32mI (217) cpu_start: ELF file SHA256:  378087ab7...[0m
[0;32mI (222) cpu_start: ESP-IDF:          v5.2[0m
[0;32mI (227) cpu_start: Min chip rev:     v0.0[0m
[0;32mI (232) cpu_start: Max chip rev:     v3.99 [0m
[0;32mI (237) cpu_start: Chip rev:         v1.0[0m
[0;32mI (241) heap_init: Initializing. RAM available for dynamic allocation:[0m
[0;32mI (249) heap_init: At 3FFAE6E0 len 00001920 (6 KiB): DRAM[0m
[0;32mI (255) heap_init: At 3FFB2B20 len 0002D4E0 (181 KiB): DRAM[0m
[0;32mI (261) heap_init: At 3FFE0440 len 00003AE0 (14 KiB): D/IRAM[0m
[0;32mI (267) heap_init: At 3FFE4350 len 0001BCB0 (111 KiB): D/IRAM[0m
[0;32mI (274) heap_init: At 4008C71C len 000138E4 (78 KiB): IRAM[0m
[0;32mI (281) spi_flash: detected chip: gd[0m
[0;32mI (284) spi_flash: flash io: dio[0m
[0;32mI (289) main_task: Started on CPU0[0m
[0;32mI (299) main_task: Calling app_main()[0m
Guru Meditation Error: Core  0 panic'ed (LoadProhibited). Exception was unhandled.

Core  0 register dump:
PC      : 0x400d8f48  PS      : 0x00060430  A0      : 0x800d83f2  A1      : 0x3ffb4a30  
A2      : 0x3ffb4c24  A3      : 0x3ffaeb44  A4      : 0x00000000  A5      : 0x00000000  
A6      : 0x3ffb4d60  A7      : 0x00000000  A8      : 0x00000000  A9      : 0x00000000  
A10     : 0x00000000  A11     : 0x00000000  A12     : 0x000000ff  A13     : 0x0000ff00  
A14     : 0x00ff0000  A15     : 0xff000000  SAR     : 0x00000019  EXCCAUSE: 0x0000001c  
EXCVADDR: 0x00000000  LBEG    : 0x400014fd  LEND    : 0x4000150d  LCOUNT  : 0xffffffff  


Backtrace: 0x400d8f45:0x3ffb4a30 0x400d83ef:0x3ffb4d50 0x400d528f:0x3ffb4da0 0x400d52f9:0x3ffb4dc0 0x400d56a7:0x3ffb4de0 0x400d52e4:0x3ffb4e00 0x400e30a8:0x3ffb4e20 0x40086021:0x3ffb4e50




ELF file SHA256: 378087ab7

Rebooting...
ets Jun  8 2016 00:22:57

rst:0xc (SW_CPU_RESET),boot:0x12 (SPI_FAST_FLASH_BOOT)
configsip: 188777542, SPIWP:0xee
clk_drv:0x00,q_drv:0x00,d_drv:0x00,cs0_drv:0x00,hd_drv:0x00,wp_drv:0x00
mode:DIO, clock div:2
load:0x3fff0030,len:7172
load:0x40078000,len:15532
load:0x40080400,len:4
load:0x40080404,len:3904
entry 0x40080640
[0;32mI (29) boot: ESP-IDF v5.2 2nd stage bootloader[0m
[0;32mI (29) boot: compile time Jul  1 2025 16:18:04[0m
[0;32mI (30) boot: Multicore bootloader[0m
[0;32mI (34) boot: chip revision: v1.0[0m
[0;32mI (38) boot.esp32: SPI Speed      : 40MHz[0m
[0;32mI (42) boot.esp32: SPI Mode       : DIO[0m
[0;32mI (47) boot.esp32: SPI Flash Size : 4MB[0m
[0;32mI (51) boot: Enabling RNG early entropy source...[0m
[0;32mI (57) boot: Partition Table:[0m
[0;32mI (60) boot: ## Label            Usage          Type ST Offset   Length[0m
[0;32mI (68) boot:  0 nvs              WiFi data        01 02 00009000 00006000[0m
[0;32mI (75) boot:  1 phy_init         RF data          01 01 0000f000 00001000[0m
[0;32mI (83) boot:  2 factory          factory app      00 00 00010000 00100000[0m
[0;32mI (90) boot: End of partition table[0m
[0;32mI (94) esp_image: segment 0: paddr=00010020 vaddr=3f400020 size=09504h ( 38148) map[0m
[0;32mI (116) esp_image: segment 1: paddr=0001952c vaddr=3ffb0000 size=0222ch (  8748) load[0m
[0;32mI (119) esp_image: segment 2: paddr=0001b760 vaddr=40080000 size=048b8h ( 18616) load[0m
[0;32mI (129) esp_image: segment 3: paddr=00020020 vaddr=400d0020 size=13870h ( 79984) map[0m
[0;32mI (158) esp_image: segment 4: paddr=00033898 vaddr=400848b8 size=07e64h ( 32356) load[0m
[0;32mI (177) boot: Loaded app from partition at offset 0x10000[0m
[0;32mI (177) boot: Disabling RNG early entropy source...[0m
[0;32mI (188) cpu_start: Multicore app[0m
[0;32mI (197) cpu_start: Pro cpu start user code[0m
[0;32mI (197) cpu_start: cpu freq: 240000000 Hz[0m
[0;32mI (197) cpu_start: Application information:[0m
[0;32mI (200) cpu_start: Project name:     idf_t3_oled_basicII2[0m
[0;32mI (206) cpu_start: App version:      1[0m
[0;32mI (211) cpu_start: Compile time:     Jul  1 2025 16:17:46[0m
[0;32mI (217) cpu_start: ELF file SHA256:  378087ab7...[0m
[0;32mI (222) cpu_start: ESP-IDF:          v5.2[0m
[0;32mI (227) cpu_start: Min chip rev:     v0.0[0m
[0;32mI (232) cpu_start: Max chip rev:     v3.99 [0m
[0;32mI (237) cpu_start: Chip rev:         v1.0[0m
[0;32mI (242) heap_init: Initializing. RAM available for dynamic allocation:[0m
[0;32mI (249) heap_init: At 3FFAE6E0 len 00001920 (6 KiB): DRAM[0m
[0;32mI (255) heap_init: At 3FFB2B20 len 0002D4E0 (181 KiB): DRAM[0m
[0;32mI (261) heap_init: At 3FFE0440 len 00003AE0 (14 KiB): D/IRAM[0m
[0;32mI (267) heap_init: At 3FFE4350 len 0001BCB0 (111 KiB): D/IRAM[0m
[0;32mI (274) heap_init: At 4008C71C len 000138E4 (78 KiB): IRAM[0m
[0;32mI (281) spi_flash: detected chip: gd[0m
[0;32mI (284) spi_flash: flash io: dio[0m
[0;32mI (289) main_task: Started on CPU0[0m
[0;32mI (299) main_task: Calling app_main()[0m
Guru Meditation Error: Core  0 panic'ed (LoadProhibited). Exception was unhandled.

Core  0 register dump:
PC      : 0x400d8f48  PS      : 0x00060430  A0      : 0x800d83f2  A1      : 0x3ffb4a30  
A2      : 0x3ffb4c24  A3      : 0x3ffaeb44  A4      : 0x00000000  A5      : 0x00000000  
A6      : 0x3ffb4d60  A7      : 0x00000000  A8      : 0x00000000  A9      : 0x00000000  
A10     : 0x00000000  A11     : 0x00000000  A12     : 0x000000ff  A13     : 0x0000ff00  
A14     : 0x00ff0000  A15     : 0xff000000  SAR     : 0x00000019  EXCCAUSE: 0x0000001c  
EXCVADDR: 0x00000000  LBEG    : 0x400014fd  LEND    : 0x4000150d  LCOUNT  : 0xffffffff  


Backtrace: 0x400d8f45:0x3ffb4a30 0x400d83ef:0x3ffb4d50 0x400d528f:0x3ffb4da0 0x400d52f9:0x3ffb4dc0 0x400d56a7:0x3ffb4de0 0x400d52e4:0x3ffb4e00 0x400e30a8:0x3ffb4e20 0x40086021:0x3ffb4e50




ELF file SHA256: 378087ab7

Rebooting...
ets Jun  8 2016 00:22:57

rst:0xc (SW_CPU_RESET),boot:0x12 (SPI_FAST_FLASH_BOOT)
configsip: 188777542, SP3fff0030,len:7172
load:0x40078000,len:15532
load:0x40080400,len:4
load:0x40080404,len:3904
entry 0x40080640
[0;32mI (29) boot: ESP-IDF v5.2 2nd stage bootloader[0m
[0;32mI (29) boot: compile time Jul  1 2025 16:18:04[0m
[0;32mI (30) boot: Multicore bootloader[0m
[0;32mI (34) boot: chip revision: v1.0[0m
[0;32mI (38) boot.esp32: SPI Speed      : 40MHz[0m
[0;32mI (42) boot.esp32: SPI Mode       : DIO[0m
[0;32mI (47) boot.esp32: SPI Flash Size : 4MB[0m
[0;32mI (51) boot: Enabling RNG early entropy source...[0m
[0;32mI (57) boot: Partition Table:[0m
[0;32mI (60) boot: ## Label            Usage          Type ST Offset   Length[0m
[0;32mI (68) boot:  0 nvs              WiFi data        01 02 00009000 00006000[0m
[0;32mI (75) boot:  1 phy_init         RF data          01 01 0000f000 00001000[0m
[0;32mI (83) boot:  2 factory          factory app      00 00 00010000 00100000[0m
[0;32mI (90) boot: End of partition table[0m
[0;32mI (94) esp_image: segment 0: paddr=00010020 vaddr=3f400020 size=09504h ( 38148) map[0m
[0;32mI (116) esp_image: segment 1: paddr=0001952c vaddr=3ffb0000 size=0222ch (  8748) load[0m
[0;32mI (119) esp_image: segment 2: paddr=0001b760 vaddr=40080000 size=048b8h ( 18616) load[0m
[0;32mI (129) esp_image: segment 3: paddr=00020020 vaddr=400d0020 size=13870h ( 79984) map[0m
[0;32mI (158) esp_image: segment 4: paddr=00033898 vaddr=400848b8 size=07e64h ( 32356) load[0m
[0;32mI (177) boot: Loaded app from partition at offset 0x10000[0m
[0;32mI (177) boot: Disabling RNG early entropy source...[0m
[0;32mI (188) cpu_start: Multicore app[0m
[0;32mI (197) cpu_start: Pro cpu start user code[0m
[0;32mI (197) cpu_start: cpu freq: 240000000 Hz[0m
[0;32mI (197) cpu_start: Application information:[0m
[0;32mI (200) cpu_start: Project name:     idf_t3_oled_basicII2[0m
[0;32mI (206) cpu_start: App version:      1[0m
[0;32mI (211) cpu_start: Compile time:     Jul  1 2025 16:17:46[0m
[0;32mI (217) cpu_start: ELF file SHA256:  378087ab7...[0m
[0;32mI (222) cpu_start: ESP-IDF:          v5.2[0m
[0;32mI (227) cpu_start: Min chip rev:     v0.0[0m
[0;32mI (232) cpu_start: Max chip rev:     v3.99 [0m
[0;32mI (237) cpu_start: Chip rev:         v1.0[0m
[0;32mI (242) heap_init: Initializing. RAM available for dynamic allocation:[0m
[0;32mI (249) heap_init: At 3FFAE6E0 len 00001920 (6 KiB): DRAM[0m
[0;32mI (255) heap_init: At 3FFB2B20 len 0002D4E0 (181 KiB): DRAM[0m
[0;32mI (261) heap_init: At 3FFE0440 len 00003AE0 (14 KiB): D/IRAM[0m
[0;32mI (267) heap_init: At 3FFE4350 len 0001BCB0 (111 KiB): D/IRAM[0m
[0;32mI (274) heap_init: At 4008C71C len 000138E4 (78 KiB): IRAM[0m
[0;32mI (281) spi_flash: detected chip: gd[0m
[0;32mI (284) spi_flash: flash io: dio[0m
[0;32mI (289) main_task: Started on CPU0[0m
[0;32mI (299) main_task: Calling app_main()[0m
Guru Meditation Error: Core  0 panic'ed (LoadProhibited). Exception was unhandled.

Core  0 register dump:
PC      : 0x400d8f48  PS      : 0x00060430  A0      : 0x800d83f2  A1      : 0x3ffb4a30  
A2      : 0x3ffb4c24  A3      : 0x3ffaeb44  A4      : 0x00000000  A5      : 0x00000000  
A6      : 0x3ffb4d60  A7      : 0x00000000  A8      : 0x00000000  A9      : 0x00000000  
A10     : 0x00000000  A11     : 0x00000000  A12     : 0x000000ff  A13     : 0x0000ff00  
A14     : 0x00ff0000  A15     : 0xff000000  SAR     : 0x00000019  EXCCAUSE: 0x0000001c  
EXCVADDR: 0x00000000  LBEG    : 0x400014fd  LEND    : 0x4000150d  LCOUNT  : 0xffffffff  


Backtrace: 0x400d8f45:0x3ffb4a30 0x400d83ef:0x3ffb4d50 0x400d528f:0x3ffb4da0 0x400d52f9:0x3ffb4dc0 0x400d56a7:0x3ffb4de0 0x400d52e4:0x3ffb4e00 0x400e30a8:0x3ffb4e20 0x40086021:0x3ffb4e50




ELF file SHA256: 378087ab7

Rebooting...
ets Jun  8 2016 00:22:57

rst:0xc (SW_CPU_RESET),boot:0x12 (SPI_FAST_FLASH_BOOT)
configsip: 188777542, SPIWP:0xee
clk_drv:0x00,q_drv:0x00,d_drv:0x00,cs0_drv:0x00,hd_drv:0x00,wp_drv:0x00
mode:DIO, clock div:2
load:0x3fff0030,len:7172
load:0x40078000,len:15532
load:0x40080400,len:4
load:0x40080404,len:3904
entry 0x40080640
[0;32mI (29) boot: ESP-IDF v5.2 2nd stage bootloader[0m
[0;32mI (29) boot: compile time Jul  1 2025 16:18:04[0m
[0;32mI (30) boot: Multicore bootloader[0m
[0;32mI (34) boot: chip revision: v1.0[0m
[0;32mI (38) boot.esp32: SPI Speed      : 40MHz[0m
[0;32mI (42) boot.esp32: SPI Mode       : DIO[0m
[0;32mI (47) boot.esp32: SPI Flash Size : 4MB[0m
[0;32mI (51) boot: Enabling RNG early entropy source...[0m
[0;32mI (57) boot: Partition Table:[0m
[0;32mI (60) boot: ## Label            Usage          Type ST Offset   Length[0m
[0;32mI (68) boot:  0 nvs              WiFi data        01 02 00009000 00006000[0m
[0;32mI (75) boot:  1 phy_init         RF data          01 01 0000f000 00001000[0m
[0;32mI (83) boot:  2 factory          factory app      00 00 00010000 00100000[0m
[0;32mI (90) boot: End of partition table[0m
[0;32mI (94) esp_image: segment 0: paddr=00010020 vaddr=3f400020 size=09504h ( 38148) map[0m
[0;32mI (116) esp_image: segment 1: paddr=0001952c vaddr=3ffb0000 size=0222ch (  8748) load[0m
[0;32mI (119) esp_image: segment 2: paddr=0001b760 vaddr=40080000 size=048b8h ( 18616) load[0m
[0;32mI (129) esp_image: segment 3: paddr=00020020 vaddr=400d0020 size=13870h ( 79984) map[0m
[0;32mI (158) esp_image: segment 4: paddr=00033898 vaddr=400848b8 size=07e64h ( 32356) load[0m
[0;32mI (177) boot: Loaded app from partition at offset 0x10000[0m
[0;32mI (177) boot: Disabling RNG early entropy source...[0m
[0;32mI (188) cpu_start: Multicore app[0m
[0;32mI (197) cpu_start: Pro cpu start user code[0m
[0;32mI (197) cpu_start: cpu freq: 240000000 Hz[0m
[0;32mI (197) cpu_start: Application information:[0m
[0;32mI (200) cpu_start: Project name:     idf_t3_oled_basicII2[0m
[0;32mI (206) cpu_start: App version:      1[0m
[0;32mI (211) cpu_start: Compile time:     Jul  1 2025 16:17:46[0m
[0;32mI (217) cpu_start: ELF file SHA256:  378087ab7...[0m
[0;32mI (222) cpu_start: ESP-IDF:          v5.2[0m
[0;32mI (227) cpu_start: Min chip rev:     v0.0[0m
[0;32mI (232) cpu_start: Max chip rev:     v3.99 [0m
[0;32mI (237) cpu_start: Chip rev:         v1.0[0m
[0;32mI (241) heap_init: Initializing. RAM available for dynamic allocation:[0m
[0;32mI (249) heap_init: At 3FFAE6E0 len 00001920 (6 KiB): DRAM[0m
[0;32mI (255) heap_init: At 3FFB2B20 len 0002D4E0 (181 KiB): DRAM[0m
[0;32mI (261) heap_init: At 3FFE0440 len 00003AE0 (14 KiB): D/IRAM[0m
[0;32mI (267) heap_init: At 3FFE4350 len 0001BCB0 (111 KiB): D/IRAM[0m
[0;32mI (274) heap_init: At 4008C71C len 000138E4 (78 KiB): IRAM[0m
[0;32mI (281) spi_flash: detected chip: gd[0m
[0;32mI (284) spi_flash: flash io: dio[0m
[0;32mI (289) main_task: Started on CPU0[0m
[0;32mI (299) main_task: Calling app_main()[0m
Guru Meditation Error: Core  0 panic'ed (LoadProhibited). Exception was unhandled.

Core  0 register dump:
PC      : 0x400d8f48  PS      : 0x00060430  A0      : 0x800d83f2  A1      : 0x3ffb4a30  
A2      : 0x3ffb4c24  A3      : 0x3ffaeb44  A4      : 0x00000000  A5      : 0x00000000  
A6      : 0x3ffb4d60  A7      : 0x00000000  A8      : 0x00000000  A9      : 0x00000000  
A10     : 0x00000000  A11     : 0x00000000  A12     : 0x000000ff  A13     : 0x0000ff00  
A14     : 0x00ff0000  A15     : 0xff000000  SAR     : 0x00000019  EXCCAUSE: 0x0000001c  
EXCVADDR: 0x00000000  LBEG    : 0x400014fd  LEND    : 0x4000150d  LCOUNT  : 0xffffffff  


Backtrace: 0x400d8f45:0x3ffb4a30 0x400d83ef:0x3ffb4d50 0x400d528f:0x3ffb4da0 0x400d52f9:0x3ffb4dc0 0x400d56a7:0x3ffb4de0 0x400d52e4:0x3ffb4e00 0x400e30a8:0x3ffb4e20 0x40086021:0x3ffb4e50




ELF file SHA256: 378087ab7

Rebooting...
ets Jun  8 2016 00:22:57

rst:0xc (SW_CPU_RESET),boot:0x12 (SPI_FAST_FLASH_BOOT)
configsip: 188777542, SPIWP:0xee
clk_drv:0x00,q_drv:0x00,d_drv:0x00,cs0_drv:0x00,hd_drv:0x00,wp_drv:0x00
mode:DIO, clock div:2
load:0x3fff0030,len:7172
load:0x40078000,len:15532
load:0x40080400,len:4
load:0x40080404,len:3904
entry 0x40080640
[0;32mI (29) boot: ESP-IDF v5.2 2nd stage bootloader[0m
[0;32mI (29) boot: compile time Jul  1 2025 16:18:04[0m
[0;32mI (30) boot: Multicore bootloader[0m
[0;32mI (34) boot: chip revision: v1.0[0m
[0;32mI (38) boot.esp32: SPI Speed      : 40MHz[0m
[0;32mI (42) boot.esp32: SPI Mode       : DIO[0m
[0;32mI (47) boot.esp32: SPI Flash Size : 4MB[0m
[0;32mI (51) boot: Enabling RNG early entropy source...[0m
[0;32mI (57) boot: Partition Table:[0m
[0;32mI (60) boot: ## Label            Usage          Type ST Offset   Length[0m
[0;32mI (68) boot:  0 nvs              WiFi data        01 02 00009000 00006000[0m
[0;32mI (75) boot:  1 phy_init         RF data          01 01 0000f000 00001000[0m
[0;32mI (83) boot:  2 factory          factory app      00 00 00010000 00100000[0m
[0;32mI (90) boot: End of partition table[0m
[0;32mI (94) esp_image: segment 0: paddr=00010020 vaddr=3f400020 size=09504h ( 38148) map[0m
[0;32mI (116) esp_image: segment 1: paddr=0001952c vaddr=3ffb0000 size=0222ch (  8748) load[0m
[0;32mI (119) esp_image: segment 2: paddr=0001b760 vaddr=40080000 size=048b8h ( 18616) load[0m
[0;32mI (129) esp_image: segment 3: paddr=00020020 vaddr=400d0020 size=13870h ( 79984) map[0m
[0;32mI (158) esp_image: segment 4: paddr=00033898 vaddr=400848b8 size=07e64h ( 32356) load[0m
[0;32mI (177) boot: Loaded app from partition at offset 0x10000[0m
[0;32mI (177) boot: Disabling RNG early entropy source...[0m
[0;32mI (188) cpu_start: Multicore app[0m
[0;32mI (197) cpu_start: Pro cpu start user code[0m
[0;32mI (197) cpu_start: cpu freq: 240000000 Hz[0m
[0;32mI (197) cpu_start: Application information:[0m
[0;32mI (200) cpu_start: Project name:     idf_t3_oled_basicII2[0m
[0;32mI (206) cpu_start: App version:      1[0m
[0;32mI (211) cpu_start: Compile time:     Jul  1 2025 16:17:46[0m
[0;32mI (217) cpu_start: ELF file SHA256:  378087ab7...[0m
[0;32mI (222) cpu_start: ESP-IDF:          v5.2[0m
[0;32mI (227) cpu_start: Min chip rev:     v0.0[0m
[0;32mI (232) cpu_start: Max chip rev:     v3.99 [0m
[0;32mI (237) cpu_start: Chip rev:         v1.0[0m
[0;32mI (242) heap_init: Initializing. RAM available for dynamic allocation:[0m
[0;32mI (249) heap_init: At 3FFAE6E0 len 00001920 (6 KiB): DRAM[0m
[0;32mI (255) heap_init: At 3FFB2B20 len 0002D4E0 (181 KiB): DRAM[0m
[0;32mI (261) heap_init: At 3FFE0440 len 00003AE0 (14 KiB): D/IRAM[0m
[0;32mI (267) heap_init: At 3FFE4350 len 0001BCB0 (111 KiB): D/IRAM[0m
[0;32mI (274) heap_init: At 4008C71C len 000138E4 (78 KiB): IRAM[0m
[0;32mI (281) spi_flash: detected chip: gd[0m
[0;32mI (284) spi_flash: flash io: dio[0m
[0;32mI (289) main_task: Started on CPU0[0m
[0;32mI (299) main_task: Calling app_main()[0m
Guru Meditation Error: Core  0 panic'ed (LoadProhibited). Exception was unhandled.

Core  0 register dump:
PC      : 0x400d8f48  PS      : 0x00060430  A0      : 0x800d83f2  A1      : 0x3ffb4a30  
A2      : 0x3ffb4c24  A3      : 0x3ffaeb44  A4      : 0x00000000  A5      : 0x00000000  
A6      : 0x3ffb4d60  A7      : 0x00000000  A8      : 0x00000000  A9      : 0x00000000  
A10     : 0x00000000  A11     : 0x00000000  A12     : 0x000000ff  A13     : 0x0000ff00  
A14     : 0x00ff0000  A15     : 0xff000000  SAR     : 0x00000019  EXCCAUSE: 0x0000001c  
EXCVADDR: 0x00000000  LBEG    : 0x400014fd  LEND    : 0x4000150d  LCOUNT  : 0xffffffff  


Backtrace: 0x400d8f45:0x3ffb4a30 0x400d83ef:0x3ffb4d50 0x400d528f:0x3ffb4da0 0x400d52f9:0x3ffb4dc0 0x400d56a7:0x3ffb4de0 0x400d52e4:0x3ffb4e00 0x400e30a8:0x3ffb4e20 0x40086021:0x3ffb4e50




ELF file SHA256: 378087ab7

Rebooting...
ets Jun  8 2016 00:22:57

rst:0xc (SW_CPU_RESET),boot:0x12 (SPI_FAST_FLASH_BOOT)
configsip: 188777542, SPIWP:0xee
clk_drv:0x00,q_drv:0x00,d_drv:0x00,cs0_drv:0x00,hd_drv:0x00,wp_drv:0x00
mode:DIO, clock div:2
load:0x3fff0030,len:7172
load:0x40078000,len:15532
load:0x40080400,len:4
load:0x40080404,len:3904
entry 0x40080640
[0;32mI (29) boot: ESP-IDF v5.2 2nd stage bootloader[0m
[0;32mI (29) boot: compile time Jul  1 2025 16:18:04[0m
[0;32mI (30) boot: Multicore bootloader[0m
[0;32mI (34) boot: chip revision: v1.0[0m
[0;32mI (38) boot.esp32: SPI Speed      : 40MHz[0m
[0;32mI (42) boot.esp32: SPI Mode       : DIO[0m
[0;32mI (47) boot.esp32: SPI Flash Size : 4MB[0m
[0;32mI (51) boot: Enabling RNG early entropy source...[0m
[0;32mI (57) boot: Partition Table:[0m
[0;32mI (60) boot: ## Label            Usage          Type ST Offset   Length[0m
[0;32mI (68) boot:  0 nvs              WiFi data        01 02 00009000 00006000[0m
[0;32mI (75) boot:  1 phy_init         RF data          01 01 0000f000 00001000[0m
[0;32mI (83) boot:  2 factory          factory app      00 00 00010000 00100000[0m
[0;32mI (90) boot: End of partition table[0m
[0;32mI (94) esp_image: segment 0: paddr=00010020 vaddr=3f400020 size=09504h ( 38148) map[0m
[0;32mI (116) esp_image: segment 1: paddr=0001952c vaddr=3ffb0000 size=0222ch (  8748) load[0m
[0;32mI (119) esp_image: segment 2: paddr=0001b760 vaddr=40080000 size=048b8h ( 18616) load[0m
[0;32mI (129) esp_image: segment 3: paddr=00020020 vaddr=400d0020 size=13870h ( 79984) map[0m
[0;32mI (158) esp_image: segment 4: paddr=00033898 vaddr=400848b8 size=07e64h ( 32356) load[0m
[0;32mI (177) boot: Loaded app from partition at offset 0x10000[0m
[0;32mI (177) boot: Disabling RNG early entropy source...[0m
[0;32mI (188) cpu_start: Multicore app[0m
[0;32mI (197) cpu_start: Pro cpu start user code[0m
[0;32mI (197) cpu_start: cpu freq: 240000000 Hz[0m
[0;32mI (197) cpu_start: Application information:[0m
[0;32mI (200) cpu_start: Project name:     idf_t3_oled_basicII2[0m
[0;32mI (206) cpu_start: App version:      1[0m
[0;32mI (211) cpu_start: Compile time:     Jul  1 2025 16:17:46[0m
[0;32mI (217) cpu_start: ELF file SHA256:  378087ab7...[0m
[0;32mI (222) cpu_start: ESP-IDF:          v5.2[0m
[0;32mI (227) cpu_start: Min chip rev:     v0.0[0m
[0;32mI (232) cpu_start: Max chip rev:     v3.99 [0m
[0;32mI (237) cpu_start: Chip rev:         v1.0[0m
[0;32mI (241) heap_init: Initializing. RAM available for dynamic allocation:[0m
[0;32mI (249) heap_init: At 3FFAE6E0 len 00001920 (6 KiB): DRAM[0m
[0;32mI (255) heap_init: At 3FFB2B20 len 0002D4E0 (181 KiB): DRAM[0m
[0;32mI (261) heap_init: At 3FFE0440 len 00003AE0 (14 KiB): D/IRAM[0m
[0;32mI (267) heap_init: At 3FFE4350 len 0001BCB0 (111 KiB): D/IRAM[0m
[0;32mI (274) heap_init: At 4008C71C len 000138E4 (78 KiB): IRAM[0m
[0;32mI (281) spi_flash: detected chip: gd[0m
[0;32mI (284) spi_flash: flash io: dio[0m
[0;32mI (289) main_task: Started on CPU0[0m
[0;32mI (299) main_task: Calling app_main()[0m
Guru Meditation Error: Core  0 panic'ed (LoadProhibited). Exception was unhandled.

Core  0 register dump:
PC      : 0x400d8f48  PS      : 0x00060430  A0      : 0x800d83f2  A1      : 0x3ffb4a30  
A2      : 0x3ffb4c24  A3      : 0x3ffaeb44  A4      : 0x00000000  A5      : 0x00000000  
A6      : 0x3ffb4d60  A7      : 0x00000000  A8      : 0x00000000  A9      : 0x00000000  
A10     : 0x00000000  A11     : 0x00000000  A12     : 0x000000ff  A13     : 0x0000ff00  
A14     : 0x00ff0000  A15     : 0xff000000  SAR     : 0x00000019  EXCCAUSE: 0x0000001c  
EXCVADDR: 0x00000000  LBEG    : 0x400014fd  LEND    : 0x4000150d  LCOUNT  : 0xffffffff  


Backtrace: 0x400d8f45:0x3ffb4a30 0x400d83ef:0x3ffb4d50 0x400d528f:0x3ffb4da0 0x400d52f9:0x3ffb4dc0 0x400d56a7:0x3ffb4de0 0x400d52e4:0x3ffb4e00 0x400e30a8:0x3ffb4e20 0x40086021:0x3ffb4e50




ELF file SHA256: 378087ab7

Rebooting...
ets Jun  8 2016 00:22:57

rst:0xc (SW_CPU_RESET),boot:0x12 (SPI_FAST_FLASH_BOOT)
configsip: 188777542, SPIWP:0xee
clk_drv:0x00,q_drv:0x00,d_drv:0x00,cs0_drv:0x00,hd_drv:0x00,wp_drv:0x00
mode:DIO, clock div:2
load:0x3fff0030,len:7172
load:0x40078000,len:15532
load:0x40080400,len:4
load:0x40080404,len:3904
entry 0x40080640
[0;32mI (29) boot: ESP-IDF v5.2 2nd stage bootloader[0m
[0;32mI (29) boot: compile time Jul  1 2025 16:18:04[0m
[0;32mI (30) boot: Multicore bootloader[0m
[0;32mI (34) boot: chip revision: v1.0[0m
[0;32mI (38) boot.esp32: SPI Speed      : 40MHz[0m
[0;32mI (42) boot.esp32: SPI Mode       : DIO[0m
[0;32mI (47) boot.esp32: SPI Flash Size : 4MB[0m
[0;32mI (51) boot: Enabling RNG early entropy source...[0m
[0;32mI (57) boot: Partition Table:[0m
[0;32mI (60) boot: ## Label            Usage          Type ST Offset   Length[0m
[0;32mI (68) boot:  0 nvs              WiFi data        01 02 00009000 00006000[0m
[0;32mI (75) boot:  1 phy_init         RF data          01 01 0000f000 00001000[0m
[0;32mI (83) boot:  2 factory          factory app      00 00 00010000 00100000[0m
[0;32mI (90) boot: End of partition table[0m
[0;32mI (94) esp_image: segment 0: paddr=00010020 vaddr=3f400020 size=09504h ( 38148) map[0m
[0;32mI (116) esp_image: segment 1: paddr=0001952c vaddr=3ffb0000 size=0222ch (  8748) load[0m
[0;32mI (119) esp_image: segment 2: paddr=0001b760 vaddr=40080000 size=048b8h ( 18616) load[0m
[0;32mI (129) esp_image: segment 3: paddr=00020020 vaddr=400d0020 size=13870h ( 79984) map[0m
[0;32mI (158) esp_image: segment 4: paddr=00033898 vaddr=400848b8 size=07e64h ( 32356) load[0m
[0;32mI (177) boot: Loaded app from partition at offset 0x10000[0m
[0;32mI (177) boot: Disabling RNG early entropy source...[0m
[0;32mI (188) cpu_start: Multicore app[0m
[0;32mI (197) cpu_start: Pro cpu start user code[0m
[0;32mI (197) cpu_start: cpu freq: 240000000 Hz[0m
[0;32mI (197) cpu_start: Application information:[0m
[0;32mI (200) cpu_start: Project name:     idf_t3_oled_basicII2[0m
[0;32mI (206) cpu_start: App version:      1[0m
[0;32mI (211) cpu_start: Compile time:     Jul  1 2025 16:17:46[0m
[0;32mI (217) cpu_start: ELF file SHA256:  378087ab7...[0m
[0;32mI (222) cpu_start: ESP-IDF:          v5.2[0m
[0;32mI (227) cpu_start: Min chip rev:     v0.0[0m
[0;32mI (232) cpu_start: Max chip rev:     v3.99 [0m
[0;32mI (237) cpu_start: Chip rev:         v1.0[0m
[0;32mI (241) heap_init: Initializing. RAM available for dynamic allocation:[0m
[0;32mI (249) heap_init: At 3FFAE6E0 len 00001920 (6 KiB): DRAM[0m
[0;32mI (255) heap_init: At 3FFB2B20 len 0002D4E0 (181 KiB): DRAM[0m
[0;32mI (261) heap_init: At 3FFE0440 len 00003AE0 (14 KiB): D/IRAM[0m
[0;32mI (267) heap_init: At 3FFE4350 len 0001BCB0 (111 KiB): D/IRAM[0m
[0;32mI (274) heap_init: At 4008C71C len 000138E4 (78 KiB): IRAM[0m
[0;32mI (281) spi_flash: detected chip: gd[0m
[0;32mI (284) spi_flash: flash io: dio[0m
[0;32mI (289) main_task: Started on CPU0[0m
[0;32mI (299) main_task: Calling app_main()[0m
Guru Meditation Error: Core  0 panic'ed (LoadProhibited). Exception was unhandled.

Core  0 register dump:
PC      : 0x400d8f48  PS      : 0x00060430  A0      : 0x800d83f2  A1      : 0x3ffb4a30  
A2      : 0x3ffb4c24  A3      : 0x3ffaeb44  A4      : 0x00000000  A5      : 0x00000000  
A6      : 0x3ffb4d60  A7      : 0x00000000  A8      : 0x00000000  A9      : 0x00000000  
A10     : 0x00000000  A11     : 0x00000000  A12     : 0x000000ff  A13     : 0x0000ff00  
A14     : 0x00ff0000  A15     : 0xff000000  SAR     : 0x00000019  EXCCAUSE: 0x0000001c  
EXCVADDR: 0x00000000  LBEG    : 0x400014fd  LEND    : 0x4000150d  LCOUNT  : 0xffffffff  


Backtrace: 0x400d8f45:0x3ffb4a30 0x400d83ef:0x3ffb4d50 0x400d528f:0x3ffb4da0 0x400d52f9:0x3ffb4dc0 0x400d56a7:0x3ffb4de0 0x400d52e4:0x3ffb4e00 0x400e30a8:0x3ffb4e20 0x40086021:0x3ffb4e50




ELF file SHA256: 378087ab7

Rebooting...
ets Jun  8 2016 00:22:57

rst:0xc (SW_CPU_RESET),boot:0x12 (SPI_FAST_FLASH_BOOT)
configsip: 188777542, SPIWP:0xee
clk_drv:0x00,q_drv:0x00,d_drv:0x00,cs0_drv:0x00,hd_drv:0x00,wp_drv:0x00
mode:DIO, clock div:2
load:0x3fff0030,len:7172
load:0x40078000,len:15532
load:0x40080400,len:4
load:0x40080404,len:3904
entry 0x40080640
[0;32mI (29) boot: ESP-IDF v5.2 2nd stage bootloader[0m
[0;32mI (29) boot: compile time Jul  1 2025 16:18:04[0m
[0;32mI (30) boot: Multicore bootloader[0m
[0;32mI (34) boot: chip revision: v1.0[0m
[0;32mI (38) boot.esp32: SPI Speed      : 40MHz[0m
[0;32mI (42) boot.esp32: SPI Mode       : DIO[0m
[0;32mI (47) boot.esp32: SPI Flash Size : 4MB[0m
[0;32mI (51) boot: Enabling RNG early entropy source...[0m
[0;32mI (57) boot: Partition Table:[0m
[0;32mI (60) boot: ## Label            Usage          Type ST Offset   Length[0m
[0;32mI (68) boot:  0 nvs              WiFi data        01 02 00009000 00006000[0m
[0;32mI (75) boot:  1 phy_init         RF data          01 01 0000f000 00001000[0m
[0;32mI (83) boot:  2 factory          factory app      00 00 00010000 00100000[0m
[0;32mI (90) boot: End of partition table[0m
[0;32mI (94) esp_image: segment 0: paddr=00010020 vaddr=3f400020 size=09504h ( 38148) map[0m
[0;32mI (116) esp_image: segment 1: paddr=0001952c vaddr=3ffb0000 size=0222ch (  8748) load[0m
[0;32mI (119) esp_image: segment 2: paddr=0001b760 vaddr=40080000 size=048b8h ( 18616) load[0m
[0;32mI (129) esp_image: segment 3: paddr=00020020 vaddr=400d0020 size=13870h ( 79984) map[0m
[0;32mI (158) esp_image: segment 4: paddr=00033898 vaddr=400848b8 size=07e64h ( 32356) load[0m
[0;32mI (177) boot: Loaded app from partition at offset 0x10000[0m
[0;32mI (177) boot: Disabling RNG early entropy source...[0m
[0;32mI (188) cpu_start: Multicore app[0m
[0;32mI (197) cpu_start: Pro cpu start user code[0m
[0;32mI (197) cpu_start: cpu freq: 240000000 Hz[0m
[0;32mI (197) cpu_start: Application information:[0m
[0;32mI (200) cpu_start: Project name:     idf_t3_oled_basicII2[0m
[0;32mI (206) cpu_start: App version:      1[0m
[0;32mI (211) cpu_start: Compile time:     Jul  1 2025 16:17:46[0m
[0;32mI (217) cpu_start: ELF file SHA256:  378087ab7...[0m
[0;32mI (222) cpu_start: ESP-IDF:          v5.2[0m
[0;32mI (227) cpu_start: Min chip rev:     v0.0[0m
[0;32mI (232) cpu_start: Max chip rev:     v3.99 [0m
[0;32mI (237) cpu_start: Chip rev:         v1.0[0m
[0;32mI (241) heap_init: Initializing. RAM available for dynamic allocation:[0m
[0;32mI (249) heap_init: At 3FFAE6E0 len 00001920 (6 KiB): DRAM[0m
[0;32mI (255) heap_init: At 3FFB2B20 len 0002D4E0 (181 KiB): DRAM[0m
[0;32mI (261) heap_init: At 3FFE0440 len 00003AE0 (14 KiB): D/IRAM[0m
[0;32mI (267) heap_init: At 3FFE4350 len 0001BCB0 (111 KiB): D/IRAM[0m
[0;32mI (274) heap_init: At 4008C71C len 000138E4 (78 KiB): IRAM[0m
[0;32mI (281) spi_flash: detected chip: gd[0m
[0;32mI (284) spi_flash: flash io: dio[0m
[0;32mI (289) main_task: Started on CPU0[0m
[0;32mI (299) main_task: Calling app_main()[0m
Guru Meditation Error: Core  0 panic'ed (LoadProhibited). Exception was unhandled.

Core  0 register dump:
PC      : 0x400d8f48  PS      : 0x00060430  A0      : 0x800d83f2  A1      : 0x3ffb4a30  
A2      : 0x3ffb4c24  A3      : 0x3ffaeb44  A4      : 0x00000000  A5      : 0x00000000  
A6      : 0x3ffb4d60  A7      : 0x00000000  A8      : 0x00000000  A9      : 0x00000000  
A10     : 0x00000000  A11     : 0x00000000  A12     : 0x000000ff  A13     : 0x0000ff00  
A14     : 0x00ff0000  A15     : 0xff000000  SAR     : 0x00000019  EXCCAUSE: 0x0000001c  
EXCVADDR: 0x00000000  LBEG    : 0x400014fd  LEND    : 0x4000150d  LCOUNT  : 0xffffffff  


Backtrace: 0x400d8f45:0x3ffb4a30 0x400d83ef:0x3ffb4d50 0x400d528f:0x3ffb4da0 0x400d52f9:0x3ffb4dc0 0x400d56a7:0x3ffb4de0 0x400d52e4:0x3ffb4e00 0x400e30a8:0x3ffb4e20 0x40086021:0x3ffb4e50




ELF file SHA256: 378087ab7

Rebooting...
ets Jun  8 2016 00:22:57

rst:0xc (SW_CPU_RESET),boot:0x12 (SPI_FAST_FLASH_BOOT)
configsip: 188777542, SPIWP:0xee
clk_drv:0x00,q_drv:0x00,d_drv:0x00,cs0_drv:0x00,hd_drv:0x00,wp_drv:0x00
mode:DIO, clock div:2
load:0x3fff0030,len:7172
load:0x40078000,len:15532
load:0x40080400,len:4
load:0x40080404,len:3904
entry 0x40080640
[0;32mI (29) boot: ESP-IDF v5.2 2nd stage bootloader[0m
[0;32mI (29) boot: compile time Jul  1 2025 16:18:04[0m
[0;32mI (30) boot: Multicore bootloader[0m
[0;32mI (34) boot: chip revision: v1.0[0m
[0;32mI (38) boot.esp32: SPI Speed      : 40MHz[0m
[0;32mI (42) boot.esp32: SPI Mode       : DIO[0m
[0;32mI (47) boot.esp32: SPI Flash Size : 4MB[0m
[0;32mI (51) boot: Enabling RNG early entropy source...[0m
[0;32mI (57) boot: Partition Table:[0m
[0;32mI (60) boot: ## Label            Usage          Type ST Offset   Length[0m
[0;32mI (68) boot:  0 nvs              WiFi data        01 02 00009000 00006000[0m
[0;32mI (75) boot:  1 phy_init         RF data          01 01 0000f000 00001000[0m
[0;32mI (83) boot:  2 factory          factory app      00 00 00010000 00100000[0m
[0;32mI (90) boot: End of partition table[0m
[0;32mI (94) esp_image: segment 0: paddr=00010020 vaddr=3f400020 size=09504h ( 38148) map[0m
[0;32mI (116) esp_image: segment 1: paddr=0001952c vaddr=3ffb0000 size=0222ch (  8748) load[0m
[0;32mI (119) esp_image: segment 2: paddr=0001b760 vaddr=40080000 size=048b8h ( 18616) load[0m
[0;32mI (129) esp_image: segment 3: paddr=00020020 vaddr=400d0020 size=13870h ( 79984) map[0m
[0;32mI (158) esp_image: segment 4: paddr=00033898 vaddr=400848b8 size=07e64h ( 32356) load[0m
[0;32mI (177) boot: Loaded app from partition at offset 0x10000[0m
[0;32mI (177) boot: Disabling RNG early entropy source...[0m
[0;32mI (188) cpu_start: Multicore app[0m
[0;32mI (197) cpu_start: Pro cpu start user code[0m
[0;32mI (197) cpu_start: cpu freq: 240000000 Hz[0m
[0;32mI (197) cpu_start: Application information:[0m
[0;32mI (200) cpu_start: Project name:     idf_t3_oled_basicII2[0m
[0;32mI (206) cpu_start: App version:      1[0m
[0;32mI (211) cpu_start: Compile time:     Jul  1 2025 16:17:46[0m
[0;32mI (217) cpu_start: ELF file SHA256:  378087ab7...[0m
[0;32mI (222) cpu_start: ESP-IDF:          v5.2[0m
[0;32mI (227) cpu_start: Min chip rev:     v0.0[0m
[0;32mI (232) cpu_start: Max chip rev:     v3.99 [0m
[0;32mI (237) cpu_start: Chip rev:         v1.0[0m
[0;32mI (241) heap_init: Initializing. RAM available for dynamic allocation:[0m
[0;32mI (249) heap_init: At 3FFAE6E0 len 00001920 (6 KiB): DRAM[0m
[0;32mI (24 KiB): D/IRAM[0m
[0;32mI (267) heap_init: At 3FFE4350 len 0001BCB0 (111 KiB): D/IRAM[0m
[0;32mI (274) heap_init: At 4008C71C len 000138E4 (78 KiB): IRAM[0m
[0;32mI (281) spi_flash: detected chip: gd[0m
[0;32mI (284) spi_flash: flash io: dio[0m
[0;32mI (289) main_task: Started on CPU0[0m
[0;32mI (299) main_task: Calling app_main()[0m
Guru Meditation Error: Core  0 panic'ed (LoadProhibited). Exception was unhandled.

Core  0 register dump:
PC      : 0x400d8f48  PS      : 0x00060430  A0      : 0x800d83f2  A1      : 0x3ffb4a30  
A2      : 0x3ffb4c24  A3      : 0x3ffaeb44  A4      : 0x00000000  A5      : 0x00000000  
A6      : 0x3ffb4d60  A7      : 0x00000000  A8      : 0x00000000  A9      : 0x00000000  
A10     : 0x00000000  A11     : 0x00000000  A12     : 0x000000ff  A13     : 0x0000ff00  
A14     : 0x00ff0000  A15     : 0xff000000  SAR     : 0x00000019  EXCCAUSE: 0x0000001c  
EXCVADDR: 0x00000000  LBEG    : 0x400014fd  LEND    : 0x4000150d  LCOUNT  : 0xffffffff  


Backtrace: 0x400d8f45:0x3ffb4a30 0x400d83ef:0x3ffb4d50 0x400d528f:0x3ffb4da0 0x400d52f9:0x3ffb4dc0 0x400d56a7:0x3ffb4de0 0x400d52e4:0x3ffb4e00 0x400e30a8:0x3ffb4e20 0x40086021:0x3ffb4e50




ELF file SHA256: 378087ab7

Rebooting...
ets Jun  8 2016 00:22:57

rst:0xc (SW_CPU_RESET),boot:0x12 (SPI_FAST_FLASH_BOOT)
configsip: 188777542, SPIWP:0xee
clk_drv:0x00,q_drv:0x00,d_drv:0x00,cs0_drv:0x00,hd_drv:0x00,wp_drv:0x00
mode:DIO, clock div:2
load:0x3fff0030,len:7172
load:0x40078000,len:15532
load:0x40080400,len:4
load:0x40080404,len:3904
entry 0x40080640
[0;32mI (29) boot: ESP-IDF v5.2 2nd stage bootloader[0m
[0;32mI (29) boot: compile time Jul  1 2025 16:18:04[0m
[0;32mI (30) boot: Multicore bootloader[0m
[0;32mI (34) boot: chip revision: v1.0[0m
[0;32mI (38) boot.esp32: SPI Speed      : 40MHz[0m
[0;32mI (42) boot.esp32: SPI Mode       : DIO[0m
[0;32mI (47) boot.esp32: SPI Flash Size : 4MB[0m
[0;32mI (51) boot: Enabling RNG early entropy source...[0m
[0;32mI (57) boot: Partition Table:[0m
[0;32mI (60) boot: ## Label            Usage          Type ST Offset   Length[0m
[0;32mI (68) boot:  0 nvs              WiFi data        01 02 00009000 00006000[0m
[0;32mI (75) boot:  1 phy_init         RF data          01 01 0000f000 00001000[0m
[0;32mI (83) boot:  2 factory          factory app      00 00 00010000 00100000[0m
[0;32mI (90) boot: End of partition table[0m
[0;32mI (94) esp_image: segment 0: paddr=00010020 vaddr=3f400020 size=09504h ( 38148) map[0m
[0;32mI (116) esp_image: segment 1: paddr=0001952c vaddr=3ffb0000 size=0222ch (  8748) load[0m
[0;32mI (119) esp_image: segment 2: paddr=0001b760 vaddr=40080000 size=048b8h ( 18616) load[0m
[0;32mI (129) esp_image: segment 3: paddr=00020020 vaddr=400d0020 size=13870h ( 79984) map[0m
[0;32mI (158) esp_image: segment 4: paddr=00033898 vaddr=400848b8 size=07e64h ( 32356) load[0m
[0;32mI (177) boot: Loaded app from partition at offset 0x10000[0m
[0;32mI (177) boot: Disabling RNG early entropy source...[0m
[0;32mI (188) cpu_start: Multicore app[0m
[0;32mI (197) cpu_start: Pro cpu start user code[0m
[0;32mI (197) cpu_start: cpu freq: 240000000 Hz[0m
[0;32mI (197) cpu_start: Application information:[0m
[0;32mI (200) cpu_start: Project name:     idf_t3_oled_basicII2[0m
[0;32mI (206) cpu_start: App version:      1[0m
[0;32mI (211) cpu_start: Compile time:     Jul  1 2025 16:17:46[0m
[0;32mI (217) cpu_start: ELF file SHA256:  378087ab7...[0m
[0;32mI (222) cpu_start: ESP-IDF:          v5.2[0m
[0;32mI (227) cpu_start: Min chip rev:     v0.0[0m
[0;32mI (232) cpu_start: Max chip rev:     v3.99 [0m
[0;32mI (237) cpu_start: Chip rev:         v1.0[0m
[0;32mI (241) heap_init: Initializing. RAM available for dynamic allocation:[0m
[0;32mI (249) heap_init: At 3FFAE6E0 len 00001920 (6 KiB): DRAM[0m
[0;32mI (255) heap_init: At 3FFB2B20 len 0002D4E0 (181 KiB): DRAM[0m
[0;32mI (261) heap_init: At 3FFE0440 len 00003AE0 (14 KiB): D/IRAM[0m
[0;32mI (267) heap_init: At 3FFE4350 len 0001BCB0 (111 KiB): D/IRAM[0m
[0;32mI (274) heap_init: At 4008C71C len 000138E4 (78 KiB): IRAM[0m
[0;32mI (281) spi_flash: detected chip: gd[0m
[0;32mI (284) spi_flash: flash io: dio[0m
[0;32mI (289) main_task: Started on CPU0[0m
[0;32mI (299) main_task: Calling app_main()[0m
Guru Meditation Error: Core  0 panic'ed (LoadProhibited). Exception was unhandled.

Core  0 register dump:
PC      : 0x400d8f48  PS      : 0x00060430  A0      : 0x800d83f2  A1      : 0x3ffb4a30  
A2      : 0x3ffb4c24  A3      : 0x3ffaeb44  A4      : 0x00000000  A5      : 0x00000000  
A6      : 0x3ffb4d60  A7      : 0x00000000  A8      : 0x00000000  A9      : 0x00000000  
A10     : 0x00000000  A11     : 0x00000000  A12     : 0x000000ff  A13     : 0x0000ff00  
A14     : 0x00ff0000  A15     : 0xff000000  SAR     : 0x00000019  EXCCAUSE: 0x0000001c  
EXCVADDR: 0x00000000  LBEG    : 0x400014fd  LEND    : 0x4000150d  LCOUNT  : 0xffffffff  


Backtrace: 0x400d8f45:0x3ffb4a30 0x400d83ef:0x3ffb4d50 0x400d528f:0x3ffb4da0 0x400d52f9:0x3ffb4dc0 0x400d56a7:0x3ffb4de0 0x400d52e4:0x3ffb4e00 0x400e30a8:0x3ffb4e20 0x40086021:0x3ffb4e50




ELF file SHA256: 378087ab7

Rebooting...
ets Jun  8 2016 00:22:57

rst:0xc (SW_CPU_RESET),boot:0x12 (SPI_FAST_FLASH_BOOT)
configsip: 188777542, SPIWP:0xee
clk_drv:0x00,q_drv:0x00,d_drv:0x00,cs0_drv:0x00,hd_drv:0x00,wp_drv:0x00
mode:DIO, clock div:2
load:0x3fff0030,len:7172
load:0x40078000,len:15532
load:0x40080400,len:4
load:0x40080404,len:3904
entry 0x40080640
[0;32mI (29) boot: ESP-IDF v5.2 2nd stage bootloader[0m
[0;32mI (29) boot: compile time Jul  1 2025 16:18:04[0m
[0;32mI (30) boot: Multicore bootloader[0m
[0;32mI (34) boot: chip revision: v1.0[0m
[0;32mI (38) boot.esp32: SPI Speed      : 40MHz[0m
[0;32mI (42) boot.esp32: SPI Mode       : DIO[0m
[0;32mI (47) boot.esp32: SPI Flash Size : 4MB[0m
[0;32mI (51) boot: Enabling RNG early entropy source...[0m
[0;32mI (57) boot: Partition Table:[0m
[0;32mI (60) boot: ## Label            Usage          Type ST Offset   Length[0m
[0;32mI (68) boot:  0 nvs              WiFi data        01 02 00009000 00006000[0m
[0;32mI (75) boot:  1 phy_init         RF data          01 01 0000f000 00001000[0m
[0;32mI (83) boot:  2 factory          factory app      00 00 00010000 00100000[0m
[0;32mI (90) boot: End of partition table[0m
[0;32mI (94) esp_image: segment 0: paddr=00010020 vaddr=3f400020 size=09504h ( 38148) map[0m
[0;32mI (116) esp_image: segment 1: paddr=0001952c vaddr=3ffb0000 size=0222ch (  8748) load[0m
[0;32mI (119) esp_image: segment 2: paddr=0001b760 vaddr=40080000 size=048b8h ( 18616) load[0m
[0;32mI (129) esp_image: segment 3: paddr=00020020 vaddr=400d0020 size=13870h ( 79984) map[0m
[0;32mI (158) esp_image: segment 4: paddr=00033898 vaddr=400848b8 size=07e64h ( 32356) load[0m
[0;32mI (177) boot: Loaded app from partition at offset 0x10000[0m
[0;32mI (177) boot: Disabling RNG early entropy source...[0m
[0;32mI (188) cpu_start: Multicore app[0m
[0;32mI (197) cpu_start: Pro cpu start user code[0m
[0;32mI (197) cpu_start: cpu freq: 240000000 Hz[0m
[0;32mI (197) cpu_start: Application information:[0m
[0;32mI (200) cpu_start: Project name:     idf_t3_oled_basicII2[0m
[0;32mI (206) cpu_start: App version:      1[0m
[0;32mI (211) cpu_start: Compile time:     Jul  1 2025 16:17:46[0m
[0;32mI (217) cpu_start: ELF file SHA256:  378087ab7...[0m
[0;32mI (222) cpu_start: ESP-IDF:          v5.2[0m
[0;32mI (227) cpu_start: Min chip rev:     v0.0[0m
[0;32mI (232) cpu_start: Max chip rev:     v3.99 [0m
[0;32mI (237) cpu_start: Chip rev:         v1.0[0m
[0;32mI (241) heap_init: Initializing. RAM available for dynamic allocation:[0m
[0;32mI (249) heap_init: At 3FFAE6E0 len 00001920 (6 KiB): DRAM[0m
[0;32mI (255) heap_init: At 3FFB2B20 len 0002D4E0 (181 KiB): DRAM[0m
[0;32mI (261) heap_init: At 3FFE0440 len 00003AE0 (14 KiB): D/IRAM[0m
[0;32mI (267) heap_init: At 3FFE4350 len 0001BCB0 (111 KiB): D/IRAM[0m
[0;32mI (274) heap_init: At 4008C71C len 000138E4 (78 KiB): IRAM[0m
[0;32mI (281) spi_flash: detected chip: gd[0m
[0;32mI (284) spi_flash: flash io: dio[0m
[0;32mI (289) main_task: Started on CPU0[0m
[0;32mI (299) main_task: Calling app_main()[0m
Guru Meditation Error: Core  0 panic'ed (LoadProhibited). Exception was unhandled.

Core  0 register dump:
PC      : 0x400d8f48  PS      : 0x00060430  A0      : 0x800d83f2  A1      : 0x3ffb4a30  
A2      : 0x3ffb4c24  A3      : 0x3ffaeb44  A4      : 0x00000000  A5      : 0x00000000  
A6      : 0x3ffb4d60  A7      : 0x00000000  A8      : 0x00000000  A9      : 0x00000000  
A10     : 0x00000000  A11     : 0x00000000  A12     : 0x000000ff  A13     : 0x0000ff00  
A14     : 0x00ff0000  A15     : 0xff000000  SAR     : 0x00000019  EXCCAUSE: 0x0000001c  
EXCVADDR: 0x00000000  LBEG    : 0x400014fd  LEND    : 0x4000150d  LCOUNT  : 0xffffffff  


Backtrace: 0x400d8f45:0x3ffb4a30 0x400d83ef:0x3ffb4d50 0x400d528f:0x3ffb4da0 0x400d52f9:0x3ffb4dc0 0x400d56a7:0x3ffb4de0 0x400d52e4:0x3ffb4e00 0x400e30a8:0x3ffb4e20 0x40086021:0x3ffb4e50




ELF file SHA256: 378087ab7

Rebooting...
ets Jun  8 2016 00:22:57

rst:0xc (SW_CPU_RESET),boot:0x12 (SPI_FAST_FLASH_BOOT)
configsip: 188777542, SPIWP:0xee
clk_drv:0x00,q_drv:0x00,d_drv:0x00,cs0_drv:0x00,hd_drv:0x00,wp_drv:0x00
mode:DIO, clock div:2
load:0x3fff0030,len:7172
load:0x40078000,len:15532
load:0x40080400,len:4
load:0x40080404,len:3904
entry 0x40080640
[0;32mI (29) boot: ESP-IDF v5.2 2nd stage bootloader[0m
[0;32mI (29) boot: compile time Jul  1 2025 16:18:04[0m
[0;32mI (30) boot: Multicore bootloader[0m
[0;32mI (34) boot: chip revision: v1.0[0m
[0;32mI (38) boot.esp32: SPI Speed      : 40MHz[0m
[0;32mI (42) boot.esp32: SPI Mode       : DIO[0m
[0;32mI (47) boot.esp32: SPI Flash Size : 4MB[0m
[0;32mI (51) boot: Enabling RNG early entropy source...[0m
[0;32mI (57) boot: Partition Table:[0m
[0;32mI (60) boot: ## Label            Usage          Type ST Offset   Length[0m
[0;32mI (68) boot:  0 nvs              WiFi data        01 02 00009000 00006000[0m
[0;32mI (75) boot:  1 phy_init         RF data          01 01 0000f000 00001000[0m
[0;32mI (83) boot:  2 factory          factory app      00 00 00010000 00100000[0m
[0;32mI (90) boot: End of partition table[0m
[0;32mI (94) esp_image: segment 0: paddr=00010020 vaddr=3f400020 size=09504h ( 38148) map[0m
[0;32mI (116) esp_image: segment 1: paddr=0001952c vaddr=3ffb0000 size=0222ch (  8748) load[0m
[0;32mI (119) esp_image: segment 2: paddr=0001b760 vaddr=40080000 size=048b8h ( 18616) load[0m
[0;32mI (129) esp_image: segment 3: paddr=00020020 vaddr=400d0020 size=13870h ( 79984) map[0m
[0;32mI (158) esp_image: segment 4: paddr=00033898 vaddr=400848b8 size=07e64h ( 32356) load[0m
[0;32mI (177) boot: Loaded app from partition at offset 0x10000[0m
[0;32mI (177) boot: Disabling RNG early entropy source...[0m
[0;32mI (188) cpu_start: Multicore app[0m
[0;32mI (197) cpu_start: Pro cpu start user code[0m
[0;32mI (197) cpu_start: cpu freq: 240000000 Hz[0m
[0;32mI (197) cpu_start: Application information:[0m
[0;32mI (200) cpu_start: Project name:     idf_t3_oled_basicII2[0m
[0;32mI (206) cpu_start: App version:      1[0m
[0;32mI (211) cpu_start: Compile time:     Jul  1 2025 16:17:46[0m
[0;32mI (217) cpu_start: ELF file SHA256:  378087ab7...[0m
[0;32mI (222) cpu_start: ESP-IDF:          v5.2[0m
[0;32mI (227) cpu_start: Min chip rev:     v0.0[0m
[0;32mI (232) cpu_start: Max chip rev:     v3.99 [0m
[0;32mI (237) cpu_start: Chip rev:         v1.0[0m
[0;32mI (242) heap_init: Initializing. RAM available for dynamic allocation:[0m
[0;32mI (249) heap_init: At 3FFAE6E0 len 00001920 (6 KiB): DRAM[0m
[0;32mI (255) heap_init: At 3FFB2B20 len 0002D4E0 (181 KiB): DRAM[0m
[0;32mI (261) heap_init: At 3FFE0440 len 00003AE0 (14 KiB): D/IRAM[0m
[0;32mI (267) heap_init: At 3FFE4350 len 0001BCB0 (111 KiB): D/IRAM[0m
[0;32mI (274) heap_init: At 4008C71C len 000138E4 (78 KiB): IRAM[0m
[0;32mI (281) spi_flash: detected chip: gd[0m
[0;32mI (284) spi_flash: flash io: dio[0m
[0;32mI (289) main_task: Started on CPU0[0m
[0;32mI (299) main_task: Calling app_main()[0m
Guru Meditation Error: Core  0 panic'ed (LoadProhibited). Exception was unhandled.

Core  0 register dump:
PC      : 0x400d8f48  PS      : 0x00060430  A0      : 0x800d83f2  A1      : 0x3ffb4a30  
A2      : 0x3ffb4c24  A3      : 0x3ffaeb44  A4      : 0x00000000  A5      : 0x00000000  
A6      : 0x3ffb4d60  A7      : 0x00000000  A8      : 0x00000000  A9      : 0x00000000  
A10     : 0x00000000  A11     : 0x00000000  A12     : 0x000000ff  A13     : 0x0000ff00  
A14     : 0x00ff0000  A15     : 0xff000000  SAR     : 0x00000019  EXCCAUSE: 0x0000001c  
EXCVADDR: 0x00000000  LBEG    : 0x400014fd  LEND    : 0x4000150d  LCOUNT  : 0xffffffff  


Backtrace: 0x400d8f45:0x3ffb4a30 0x400d83ef:0x3ffb4d50 0x400d528f:0x3ffb4da0 0x400d52f9:0x3ffb4dc0 0x400d56a7:0x3ffb4de0 0x400d52e4:0x3ffb4e00 0x400e30a8:0x3ffb4e20 0x40086021:0x3ffb4e50




ELF file SHA256: 378087ab7

Rebooting...
ets Jun  8 2016 00:22:57

rst:0xc (SW_CPU_RESET),boot:0x12 (SPI_FAST_FLASH_BOOT)
configsip: 188777542, SPIWP:0xee
clk_drv:0x00,q_drv:0x00,d_drv:0x00,cs0_drv:0x00,hd_drv:0x00,wp_drv:0x00
mode:DIO, clock div:2
load:0x3fff0030,len:7172
load:0x40078000,len:15532
load:0x40080400,len:4
load:0x40080404,len:3904
entry 0x40080640
[0;32mI (29) boot: ESP-IDF v5.2 2nd stage bootloader[0m
[0;32mI (29) boot: compile time Jul  1 2025 16:18:04[0m
[0;32mI (30) boot: Multicore bootloader[0m
[0;32mI (34) boot: chip revision: v1.0[0m
[0;32mI (38) boot.esp32: SPI Speed      : 40MHz[0m
[0;32mI (42) boot.esp32: SPI Mode       : DIO[0m
[0;32mI (47) boot.esp32: SPI Flash Size : 4MB[0m
[0;32mI (51) boot: Enabling RNG early entropy source...[0m
[0;32mI (57) boot: Partition Table:[0m
[0;32mI (60) boot: ## Label            Usage          Type ST Offset   Length[0m
[0;32mI (68) boot:  0 nvs              WiFi data        01 02 00009000 00006000[0m
[0;32mI (75) boot:  1 phy_init         RF data          01 01 0000f000 00001000[0m
[0;32mI (83) boot:  2 factory          factory app      00 00 00010000 00100000[0m
[0;32mI (90) boot: End of partition table[0m
[0;32mI (94) esp_image: segment 0: paddr=00010020 vaddr=3f400020 size=09504h ( 38148) map[0m
[0;32mI (116) esp_image: segment 1: paddr=0001952c vaddr=3ffb0000 size=0222ch (  8748) load[0m
[0;32mI (119) esp_image: segment 2: paddr=0001b760 vaddr=40080000 size=048b8h ( 18616) load[0m
[0;32mI (129) esp_image: segment 3: paddr=00020020 vaddr=400d0020 size=13870h ( 79984) map[0m
[0;32mI (158) esp_image: segment 4: paddr=00033898 vaddr=400848b8 size=07e64h ( 32356) load[0m
[0;32mI (177) boot: Loaded app from partition at offset 0x10000[0m
[0;32mI (177) boot: Disabling RNG early entropy source...[0m
[0;32mI (188) cpu_start: Multicore app[0m
[0;32mI (197) cpu_start: Pro cpu start user code[0m
[0;32mI (197) cpu_start: cpu freq: 240000000 Hz[0m
[0;32mI (197) cpu_start: Application information:[0m
[0;32mI (200) cpu_start: Project name:     idf_t3_oled_basicII2[0m
[0;32mI (206) cpu_start: App version:      1[0m
[0;32mI (211) cpu_start: Compile time:     Jul  1 2025 16:17:46[0m
[0;32mI (217) cpu_start: ELF file SHA256:  378087ab7...[0m
[0;32mI (222) cpu_start: ESP-IDF:          v5.2[0m
[0;32mI (227) cpu_start: Min chip rev:     v0.0[0m
[0;32mI (232) cpu_start: Max chip rev:     v3.99 [0m
[0;32mI (237) cpu_start: Chip rev:         v1.0[0m
[0;32mI (241) heap_init: Initializing. RAM available for dynamic allocation:[0m
[0;32mI (249) heap_init: At 3FFAE6E0 len 00001920 (6 KiB): DRAM[0m
[0;32mI (255) heap_init: At 3FFB2B20 len 0002D4E0 (181 KiB): DRAM[0m
[0;32mI (261) heap_init: At 3FFE0440 len 00003AE0 (14 KiB): D/IRAM[0m
[0;32mI (267) heap_init: At 3FFE4350 len 0001BCB0 (111 KiB): D/IRAM[0m
[0;32mI (274) heap_init: At 4008C71C len 000138E4 (78 KiB): IRAM[0m
[0;32mI (281) spi_flash: detected chip: gd[0m
[0;32mI (284) spi_flash: flash io: dio[0m
[0;32mI (289) main_task: Started on CPU0[0m
[0;32mI (299) main_task: Calling app_main()[0m
Guru Meditation Error: Core  0 panic'ed (LoadProhibited). Exception was unhandled.

Core  0 register dump:
PC      : 0x400d8f48  PS      : 0x00060430  A0      : 0x800d83f2  A1      : 0x3ffb4a30  
A2      : 0x3ffb4c24  A3      : 0x3ffaeb44  A4      : 0x00000000  A5      : 0x00000000  
A6      : 0x3ffb4d60  A7      : 0x00000000  A8      : 0x00000000  A9      : 0x00000000  
A10     : 0x00000000  A11     : 0x00000000  A12     : 0x000000ff  A13     : 0x0000ff00  
A14     : 0x00ff0000  A15     : 0xff000000  SAR     : 0x00000019  EXCCAUSE: 0x0000001c  
EXCVADDR: 0x00000000  LBEG    : 0x400014fd  LEND    : 0x4000150d  LCOUNT  : 0xffffffff  


Backtrace: 0x400d8f45:0x3ffb4a30 0x400d83ef:0x3ffb4d50 0x400d528f:0x3ffb4da0 0x400d52f9:0x3ffb4dc0 0x400d56a7:0x3ffb4de0 0x400d52e4:0x3ffb4e00 0x400e30a8:0x3ffb4e20 0x40086021:0x3ffb4e50




ELF file SHA256: 378087ab7

Rebooting...
ets Jun  8 2016 00:22:57

rst:0xc (SW_CPU_RESET),boot:0x12 (SPI_FAST_FLASH_BOOT)
configsip: 188777542, SPIWP:0xee
clk_drv:0x00,q_drv:0x00,d_drv:0x00,cs0_drv:0x00,hd_drv:0x00,wp_drv:0x00
mode:DIO, clock div:2
load:0x3fff0030,len:7172
load:0x40078000,len:15532
load:0x40080400,len:4
load:0x40080404,len:3904
entry 0x40080640
[0;32mI (29) boot: ESP-IDF v5.2 2nd stage bootloader[0m
[0;32mI (29) boot: compile time Jul  1 2025 16:18:04[0m
[0;32mI (30) boot: Multicore bootloader[0m
[0;32mI (34) boot: chip revision: v1.0[0m
[0;32mI (38) boot.esp32: SPI Speed      : 40MHz[0m
[0;32mI (42) boot.esp32: SPI Mode       : DIO[0m
[0;32mI (47) boot.esp32: SPI Flash Size : 4MB[0m
[0;32mI (51) boot: Enabling RNG early entropy source...[0m
[0;32mI (57) boot: Partition Table:[0m
[0;32mI (60) boot: ## Label            Usage          Type ST Offset   Length[0m
[0;32mI (68) boot:  0 nvs              WiFi data        01 02 00009000 00006000[0m
[0;32mI (75) boot:  1 phy_init         RF data          01 01 0000f000 00001000[0m
[0;32mI (83) boot:  2 factory          factory app      00 00 00010000 00100000[0m
[0;32mI (90) boot: End of partition table[0m
[0;32mI (94) esp_image: segment 0: paddr=00010020 vaddr=3f400020 size=09504h ( 38148) map[0m
[0;32mI (116) esp_image: segment 1: paddr=0001952c vaddr=3ffb0000 size=0222ch (  8748) load[0m
[0;32mI (119) esp_image: segment 2: paddr=0001b760 vaddr=40080000 size=048b8h ( 18616) load[0m
[0;32mI (129) esp_image: segment 3: paddr=00020020 vaddr=400d0020 size=13870h ( 79984) map[0m
[0;32mI (158) esp_image: segment 4: paddr=00033898 vaddr=400848b8 size=07e64h ( 32356) load[0m
[0;32mI (177) boot: Loaded app from partition at offset 0x10000[0m
[0;32mI (177) boot: Disabling RNG early entropy source...[0m
[0;32mI (188) cpu_start: Multicore app[0m
[0;32mI (197) cpu_start: Pro cpu start user code[0m
[0;32mI (197) cpu_start: cpu freq: 240000000 Hz[0m
[0;32mI (197) cpu_start: Application information:[0m
[0;32mI (200) cpu_start: Project name:     idf_t3_oled_basicII2[0m
[0;32mI (206) cpu_start: App version:      1[0m
[0;32mI (211) cpu_start: Compile time:     Jul  1 2025 16:17:46[0m
[0;32mI (217) cpu_start: ELF file SHA256:  378087ab7...[0m
[0;32mI (222) cpu_start: ESP-IDF:          v5.2[0m
[0;32mI (227) cpu_start: Min chip rev:     v0.0[0m
[0;32mI (232) cpu_start: Max chip rev:     v3.99 [0m
[0;32mI (237) cpu_start: Chip rev:         v1.0[0m
[0;32mI (241) heap_init: Initializing. RAM available for dynamic allocation:[0m
[0;32mI (249) heap_init: At 3FFAE6E0 len 00001920 (6 KiB): DRAM[0m
[0;32mI (255) heap_init: At 3FFB2B20 len 0002D4E0 (181 KiB): DRAM[0m
[0;32mI (261) heap_init: At 3FFE0440 len 00003AE0 (14 KiB): D/IRAM[0m
[0;32mI (267) heap_init: At 3FFE4350 len 0001BCB0 (111 KiB): D/IRAM[0m
[0;32mI (274) heap_init: At 4008C71C len 000138E4 (78 KiB): IRAM[0m
[0;32mI (281) spi_flash: detected chip: gd[0m
[0;32mI (284) spi_flash: flash io: dio[0m
[0;32mI (289) main_task: Started on CPU0[0m
[0;32mI (299) main_task: Calling app_main()[0m
Guru Meditation Error: Core  0 panic'ed (LoadProhibited). Exception was unhandled.

Core  0 register dump:
PC      : 0x400d8f48  PS      : 0x00060430  A0      : 0x800d83f2  A1      : 0x3ffb4a30  
A2      : 0x3ffb4c24  A3      : 0x3ffaeb44  A4      : 0x00000000  A5      : 0x00000000  
A6      : 0x3ffb4d60  A7      : 0x00000000  A8      : 0x00000000  A9      : 0x00000000  
A10     : 0x00000000  A11     : 0x00000000  A12     : 0x000000ff  A13     : 0x0000ff00  
A14     : 0x00ff0000  A15     : 0xff000000  SAR     : 0x00000019  EXCCAUSE: 0x0000001c  
EXCVADDR: 0x00000000  LBEG    : 0x400014fd  LEND    : 0x4000150d  LCOUNT  : 0xffffffff  


Backtrace: 0x400d8f45:0x3ffb4a30 0x400d83ef:0x3ffb4d50 0x400d528f:0x3ffb4da0 0x400d52f9:0x3ffb4dc0 0x400d56a7:0x3ffb4de0 0x400d52e4:0x3ffb4e00 0x400e30a8:0x3ffb4e20 0x40086021:0x3ffb4e50




ELF file SHA256: 378087ab7

Rebooting...
ets Jun  8 2016 00:22:57

rst:0xc (SW_CPU_RESET),boot:0x12 (SPI_FAST_FLASH_BOOT)
configsip: 188777542, SPIWP:0xee
clk_drv:0x00,q_drv:0x00,d_drv:0x00,cs0_drv:0x00,hd_drv:0x00,wp_drv:0x00
mode:DIO, clock div:2
load:0x3fff0030,len:7172
load:0x40078000,len:15532
load:0x40080400,len:4
load:0x40080404,len:3904
entry 0x40080640
[0;32mI (29) boot: ESP-IDF v5.2 2nd stage bootloader[0m
[0;32mI (29) boot: compile time Jul  1 2025 16:18:04[0m
[0;32mI (30) boot: Multicore bootloader[0m
[0;32mI (34) boot: chip revision: v1.0[0m
[0;32mI (38) boot.esp32: SPI Speed      : 40MHz[0m
[0;32mI (42) boot.esp32: SPI Mode       : DIO[0m
[0;32mI (47) boot.esp32: SPI Flash Size : 4MB[0m
[0;32mI (51) boot: Enabling RNG early entropy source...[0m
[0;32mI (57) boot: Partition Table:[0m
[0;32mI (60) boot: ## Label            Usage          Type ST Offset   Length[0m
[0;32mI (68) boot:  0 nvs              WiFi data        01 02 00009000 00006000[0m
[0;32mI (75) boot:  1 phy_init         RF data          01 01 0000f000 00001000[0m
[0;32mI (83) boot:  2 factory          factory app      00 00 00010000 00100000[0m
[0;32mI (90) boot: End of partition table[0m
[0;32mI (94) esp_image: segment 0: paddr=00010020 vaddr=3f400020 size=09504h ( 38148) map[0m
[0;32mI (116) esp_image: segment 1: paddr=0001952c vaddr=3ffb0000 size=0222ch (  8748) load[0m
[0;32mI (119) esp_image: segment 2: paddr=0001b760 vaddr=40080000 size=048b8h ( 18616) load[0m
[0;32mI (129) esp_image: segment 3: paddr=00020020 vaddr=400d0020 size=13870h ( 79984) map[0m
[0;32mI (158) esp_image: segment 4: paddr=00033898 vaddr=400848b8 size=07e64h ( 32356) load[0m
[0;32mI (177) boot: Loaded app from partition at offset 0x10000[0m
[0;32mI (177) boot: Disabling RNG early entropy source...[0m
[0;32mI (188) cpu_start: Multicore app[0m
[0;32mI (197) cpu_start: Pro cpu start user code[0m
[0;32mI (197) cpu_start: cpu freq: 240000000 Hz[0m
[0;32mI (197) cpu_start: Application information:[0m
[0;32mI (200) cpu_start: Project name:     idf_t3_oled_basicII2[0m
[0;32mI (206) cpu_start: App version:      1[0m
[0;32mI (211) cpu_start: Compile time:     Jul  1 2025 16:17:46[0m
[0;32mI (217) cpu_start: ELF file SHA256:  378087ab7...[0m
[0;32mI (222) cpu_start: ESP-IDF:          v5.2[0m
[0;32mI (227) cpu_start: Min chip rev:     v0.0[0m
[0;32mI (232) cpu_start: Max chip rev:     v3.99 [0m
[0;32mI (237) cpu_start: Chip rev:         v1.0[0m
[0;32mI (241) heap_init: Initializing. RAM available for dynamic allocation:[0m
[0;32mI (249) heap_init: At 3FFAE6E0 len 00001920 (6 KiB): DRAM[0m
[0;32mI (255) heap_init: At 3FFB2B20 len 0002D4E0 (181 KiB): DRAM[0m
[0;32mI (261) heap_init: At 3FFE0440 len 00003AE0 (14 KiB): D/IRAM[0m
[0;32mI (267) heap_init: At 3FFE4350 len 0001BCB0 (111 KiB): D/IRAM[0m
[0;32mI (274) heap_init: At 4008C71C len 000138E4 (78 KiB): IRAM[0m
[0;32mI (281) spi_flash: detected chip: gd[0m
[0;32mI (284) spi_flash: flash io: dio[0m
[0;32mI (289) main_task: Started on CPU0[0m
[0;32mI (299) main_task: Calling app_main()[0m
Guru Meditation Error: Core  0 panic'ed (LoadProhibited). Exception was unhandled.

Core  0 register dump:
PC      : 0x400d8f48  PS      : 0x00060430  A0      : 0x800d83f2  A1      : 0x3ffb4a30  
A2      : 0x3ffb4c24  A3      : 0x3ffaeb44  A4      : 0x00000000  A5      : 0x00000000  
A6      : 0x3ffb4d60  A7      : 0x00000000  A8      : 0x00000000  A9      : 0x00000000  
